Archive member included to satisfy reference by file (symbol)

/usr/local/Cellar/arm-none-eabi-gcc/9-2019-q4-major/gcc/bin/../lib/gcc/arm-none-eabi/9.2.1/../../../../arm-none-eabi/lib/thumb/v7e-m+fp/hard/libc_nano.a(lib_a-ctype_.o)
                              _build/nrf52840_xxaa/nrf_log_str_formatter.c.o (_ctype_)
/usr/local/Cellar/arm-none-eabi-gcc/9-2019-q4-major/gcc/bin/../lib/gcc/arm-none-eabi/9.2.1/../../../../arm-none-eabi/lib/thumb/v7e-m+fp/hard/libc_nano.a(lib_a-exit.o)
                              /usr/local/Cellar/arm-none-eabi-gcc/9-2019-q4-major/gcc/bin/../lib/gcc/arm-none-eabi/9.2.1/../../../../arm-none-eabi/lib/thumb/v7e-m+fp/hard/crt0.o (exit)
/usr/local/Cellar/arm-none-eabi-gcc/9-2019-q4-major/gcc/bin/../lib/gcc/arm-none-eabi/9.2.1/../../../../arm-none-eabi/lib/thumb/v7e-m+fp/hard/libc_nano.a(lib_a-impure.o)
                              /usr/local/Cellar/arm-none-eabi-gcc/9-2019-q4-major/gcc/bin/../lib/gcc/arm-none-eabi/9.2.1/../../../../arm-none-eabi/lib/thumb/v7e-m+fp/hard/libc_nano.a(lib_a-exit.o) (_global_impure_ptr)
/usr/local/Cellar/arm-none-eabi-gcc/9-2019-q4-major/gcc/bin/../lib/gcc/arm-none-eabi/9.2.1/../../../../arm-none-eabi/lib/thumb/v7e-m+fp/hard/libc_nano.a(lib_a-init.o)
                              /usr/local/Cellar/arm-none-eabi-gcc/9-2019-q4-major/gcc/bin/../lib/gcc/arm-none-eabi/9.2.1/../../../../arm-none-eabi/lib/thumb/v7e-m+fp/hard/crt0.o (__libc_init_array)
/usr/local/Cellar/arm-none-eabi-gcc/9-2019-q4-major/gcc/bin/../lib/gcc/arm-none-eabi/9.2.1/../../../../arm-none-eabi/lib/thumb/v7e-m+fp/hard/libc_nano.a(lib_a-memcmp.o)
                              _build/nrf52840_xxaa/ble_advdata.c.o (memcmp)
/usr/local/Cellar/arm-none-eabi-gcc/9-2019-q4-major/gcc/bin/../lib/gcc/arm-none-eabi/9.2.1/../../../../arm-none-eabi/lib/thumb/v7e-m+fp/hard/libc_nano.a(lib_a-memcpy-stub.o)
                              _build/nrf52840_xxaa/nrf_log_frontend.c.o (memcpy)
/usr/local/Cellar/arm-none-eabi-gcc/9-2019-q4-major/gcc/bin/../lib/gcc/arm-none-eabi/9.2.1/../../../../arm-none-eabi/lib/thumb/v7e-m+fp/hard/libc_nano.a(lib_a-memset.o)
                              /usr/local/Cellar/arm-none-eabi-gcc/9-2019-q4-major/gcc/bin/../lib/gcc/arm-none-eabi/9.2.1/../../../../arm-none-eabi/lib/thumb/v7e-m+fp/hard/crt0.o (memset)
/usr/local/Cellar/arm-none-eabi-gcc/9-2019-q4-major/gcc/bin/../lib/gcc/arm-none-eabi/9.2.1/../../../../arm-none-eabi/lib/thumb/v7e-m+fp/hard/libc_nano.a(lib_a-strcpy.o)
                              _build/nrf52840_xxaa/SEGGER_RTT.c.o (strcpy)
/usr/local/Cellar/arm-none-eabi-gcc/9-2019-q4-major/gcc/bin/../lib/gcc/arm-none-eabi/9.2.1/../../../../arm-none-eabi/lib/thumb/v7e-m+fp/hard/libc_nano.a(lib_a-strlen.o)
                              _build/nrf52840_xxaa/nrf_log_frontend.c.o (strlen)
/usr/local/Cellar/arm-none-eabi-gcc/9-2019-q4-major/gcc/bin/../lib/gcc/arm-none-eabi/9.2.1/../../../../arm-none-eabi/lib/thumb/v7e-m+fp/hard/libnosys.a(_exit.o)
                              /usr/local/Cellar/arm-none-eabi-gcc/9-2019-q4-major/gcc/bin/../lib/gcc/arm-none-eabi/9.2.1/../../../../arm-none-eabi/lib/thumb/v7e-m+fp/hard/libc_nano.a(lib_a-exit.o) (_exit)

Allocating common symbols
Common symbol       size              file

nrf_nvic_state      0xc               _build/nrf52840_xxaa/app_util_platform.c.o
nrf_drv_uart_use_easy_dma
                    0x2               _build/nrf52840_xxaa/nrf_drv_uart.c.o
_SEGGER_RTT         0x78              _build/nrf52840_xxaa/SEGGER_RTT.c.o

Discarded input sections

 .text          0x0000000000000000        0x0 /usr/local/Cellar/arm-none-eabi-gcc/9-2019-q4-major/gcc/bin/../lib/gcc/arm-none-eabi/9.2.1/thumb/v7e-m+fp/hard/crti.o
 .data          0x0000000000000000        0x0 /usr/local/Cellar/arm-none-eabi-gcc/9-2019-q4-major/gcc/bin/../lib/gcc/arm-none-eabi/9.2.1/thumb/v7e-m+fp/hard/crti.o
 .bss           0x0000000000000000        0x0 /usr/local/Cellar/arm-none-eabi-gcc/9-2019-q4-major/gcc/bin/../lib/gcc/arm-none-eabi/9.2.1/thumb/v7e-m+fp/hard/crti.o
 .data          0x0000000000000000        0x4 /usr/local/Cellar/arm-none-eabi-gcc/9-2019-q4-major/gcc/bin/../lib/gcc/arm-none-eabi/9.2.1/thumb/v7e-m+fp/hard/crtbegin.o
 .data          0x0000000000000000        0x0 /usr/local/Cellar/arm-none-eabi-gcc/9-2019-q4-major/gcc/bin/../lib/gcc/arm-none-eabi/9.2.1/../../../../arm-none-eabi/lib/thumb/v7e-m+fp/hard/crt0.o
 .bss           0x0000000000000000        0x0 /usr/local/Cellar/arm-none-eabi-gcc/9-2019-q4-major/gcc/bin/../lib/gcc/arm-none-eabi/9.2.1/../../../../arm-none-eabi/lib/thumb/v7e-m+fp/hard/crt0.o
 .ARM.extab     0x0000000000000000        0x0 /usr/local/Cellar/arm-none-eabi-gcc/9-2019-q4-major/gcc/bin/../lib/gcc/arm-none-eabi/9.2.1/../../../../arm-none-eabi/lib/thumb/v7e-m+fp/hard/crt0.o
 .data          0x0000000000000000        0x0 _build/nrf52840_xxaa/gcc_startup_nrf52840.S.o
 .bss           0x0000000000000000        0x0 _build/nrf52840_xxaa/gcc_startup_nrf52840.S.o
[...]
Memory Configuration

Name             Origin             Length             Attributes
FLASH            0x0000000000027000 0x00000000000d9000 xr
RAM              0x0000000020002300 0x000000000003dd00 xrw
*default*        0x0000000000000000 0xffffffffffffffff

Linker script and memory map


.text           0x0000000000027000     0x6bcc
 *(.isr_vector)
 .isr_vector    0x0000000000027000      0x200 _build/nrf52840_xxaa/gcc_startup_nrf52840.S.o
                0x0000000000027000                __isr_vector
 *(.text*)
 .text          0x0000000000027200       0x40 /usr/local/Cellar/arm-none-eabi-gcc/9-2019-q4-major/gcc/bin/../lib/gcc/arm-none-eabi/9.2.1/thumb/v7e-m+fp/hard/crtbegin.o
 .text          0x0000000000027240       0x74 /usr/local/Cellar/arm-none-eabi-gcc/9-2019-q4-major/gcc/bin/../lib/gcc/arm-none-eabi/9.2.1/../../../../arm-none-eabi/lib/thumb/v7e-m+fp/hard/crt0.o
                0x0000000000027240                _mainCRTStartup
                0x0000000000027240                _start
 .text          0x00000000000272b4       0x3c _build/nrf52840_xxaa/gcc_startup_nrf52840.S.o
                0x00000000000272b4                Reset_Handler
                0x00000000000272dc                NMI_Handler
                0x00000000000272de                HardFault_Handler
                0x00000000000272e0                MemoryManagement_Handler
                0x00000000000272e2                BusFault_Handler
                0x00000000000272e4                UsageFault_Handler
                0x00000000000272e6                SVC_Handler
                0x00000000000272e8                DebugMon_Handler
                0x00000000000272ea                PendSV_Handler
                0x00000000000272ec                SysTick_Handler
                0x00000000000272ee                FPU_IRQHandler
                0x00000000000272ee                USBD_IRQHandler
                0x00000000000272ee                SPIM0_SPIS0_TWIM0_TWIS0_SPI0_TWI0_IRQHandler
                0x00000000000272ee                TIMER4_IRQHandler
                0x00000000000272ee                CRYPTOCELL_IRQHandler
                0x00000000000272ee                I2S_IRQHandler
                0x00000000000272ee                SWI4_EGU4_IRQHandler
                0x00000000000272ee                TIMER0_IRQHandler
                0x00000000000272ee                UARTE1_IRQHandler
                0x00000000000272ee                TIMER1_IRQHandler
                0x00000000000272ee                SPIM3_IRQHandler
                0x00000000000272ee                PWM2_IRQHandler
                0x00000000000272ee                ECB_IRQHandler
                0x00000000000272ee                SPIM1_SPIS1_TWIM1_TWIS1_SPI1_TWI1_IRQHandler
                0x00000000000272ee                Default_Handler
                0x00000000000272ee                SAADC_IRQHandler
                0x00000000000272ee                CCM_AAR_IRQHandler
                0x00000000000272ee                WDT_IRQHandler
                0x00000000000272ee                SWI5_EGU5_IRQHandler
                0x00000000000272ee                RNG_IRQHandler
                0x00000000000272ee                RTC2_IRQHandler
                0x00000000000272ee                PWM0_IRQHandler
                0x00000000000272ee                SWI3_EGU3_IRQHandler
                0x00000000000272ee                SWI1_EGU1_IRQHandler
                0x00000000000272ee                SPIM2_SPIS2_SPI2_IRQHandler
                0x00000000000272ee                NFCT_IRQHandler
                0x00000000000272ee                MWU_IRQHandler
                0x00000000000272ee                QSPI_IRQHandler
                0x00000000000272ee                TIMER2_IRQHandler
                0x00000000000272ee                COMP_LPCOMP_IRQHandler
                0x00000000000272ee                RTC0_IRQHandler
                0x00000000000272ee                SWI0_EGU0_IRQHandler
                0x00000000000272ee                PWM1_IRQHandler
                0x00000000000272ee                RADIO_IRQHandler
                0x00000000000272ee                PDM_IRQHandler
                0x00000000000272ee                TEMP_IRQHandler
                0x00000000000272ee                QDEC_IRQHandler
                0x00000000000272ee                TIMER3_IRQHandler
                0x00000000000272ee                PWM3_IRQHandler
 .text.nrf_log_backend_serial_put
                0x00000000000272f0       0xd8 _build/nrf52840_xxaa/nrf_log_backend_serial.c.o
                0x00000000000272f0                nrf_log_backend_serial_put
 .text.uart_evt_handler
                0x00000000000273c8        0xc _build/nrf52840_xxaa/nrf_log_backend_uart.c.o
 .text.nrf_log_backend_uart_flush
                0x00000000000273d4        0x4 _build/nrf52840_xxaa/nrf_log_backend_uart.c.o
 .text.nrf_log_backend_uart_put
                0x00000000000273d8       0x20 _build/nrf52840_xxaa/nrf_log_backend_uart.c.o
 .text.serial_tx
                0x00000000000273f8       0x4c _build/nrf52840_xxaa/nrf_log_backend_uart.c.o
 .text.nrf_log_backend_uart_panic_set
                0x0000000000027444       0x7c _build/nrf52840_xxaa/nrf_log_backend_uart.c.o
 .text.nrf_log_backend_uart_init
                0x00000000000274c0       0x68 _build/nrf52840_xxaa/nrf_log_backend_uart.c.o
                0x00000000000274c0                nrf_log_backend_uart_init
 .text.nrf_log_default_backends_init
                0x0000000000027528       0x20 _build/nrf52840_xxaa/nrf_log_default_backends.c.o
                0x0000000000027528                nrf_log_default_backends_init
 .text.nrf_log_init
                0x0000000000027548       0x28 _build/nrf52840_xxaa/nrf_log_frontend.c.o
                0x0000000000027548                nrf_log_init
 .text.nrf_log_module_name_get
                0x0000000000027570       0x48 _build/nrf52840_xxaa/nrf_log_frontend.c.o
                0x0000000000027570                nrf_log_module_name_get
 .text.nrf_log_color_id_get
                0x00000000000275b8       0x2c _build/nrf52840_xxaa/nrf_log_frontend.c.o
                0x00000000000275b8                nrf_log_color_id_get
 .text.nrf_log_frontend_dequeue
                0x00000000000275e4      0x250 _build/nrf52840_xxaa/nrf_log_frontend.c.o
                0x00000000000275e4                nrf_log_frontend_dequeue
 .text.nrf_log_frontend_std_0
                0x0000000000027834      0x188 _build/nrf52840_xxaa/nrf_log_frontend.c.o
                0x0000000000027834                nrf_log_frontend_std_0
 .text.nrf_log_frontend_std_1
                0x00000000000279bc      0x19c _build/nrf52840_xxaa/nrf_log_frontend.c.o
                0x00000000000279bc                nrf_log_frontend_std_1
 .text.nrf_log_frontend_std_2
                0x0000000000027b58      0x1b0 _build/nrf52840_xxaa/nrf_log_frontend.c.o
                0x0000000000027b58                nrf_log_frontend_std_2
 .text.nrf_log_backend_add
                0x0000000000027d08       0x5c _build/nrf52840_xxaa/nrf_log_frontend.c.o
                0x0000000000027d08                nrf_log_backend_add
 .text.nrf_log_panic
                0x0000000000027d64       0x28 _build/nrf52840_xxaa/nrf_log_frontend.c.o
                0x0000000000027d64                nrf_log_panic
 .text.prefix_process
                0x0000000000027d8c       0x80 _build/nrf52840_xxaa/nrf_log_str_formatter.c.o
 .text.nrf_log_std_entry_process
                0x0000000000027e0c       0xf0 _build/nrf52840_xxaa/nrf_log_str_formatter.c.o
                0x0000000000027e0c                nrf_log_std_entry_process
 .text.nrf_log_hexdump_entry_process
                0x0000000000027efc       0xfc _build/nrf52840_xxaa/nrf_log_str_formatter.c.o
                0x0000000000027efc                nrf_log_hexdump_entry_process
 .text.gpiote_event_handler
                0x0000000000027ff8       0x74 _build/nrf52840_xxaa/app_button.c.o
 .text.detection_delay_timeout_handler
                0x000000000002806c      0x264 _build/nrf52840_xxaa/app_button.c.o
 .text.app_button_init
                0x00000000000282d0       0xc0 _build/nrf52840_xxaa/app_button.c.o
                0x00000000000282d0                app_button_init
 .text.app_button_enable
                0x0000000000028390       0x2c _build/nrf52840_xxaa/app_button.c.o
                0x0000000000028390                app_button_enable
 .text.app_button_disable
                0x00000000000283bc       0x5c _build/nrf52840_xxaa/app_button.c.o
                0x00000000000283bc                app_button_disable
 .text.app_error_handler_bare
                0x0000000000028418       0x20 _build/nrf52840_xxaa/app_error.c.o
                0x0000000000028418                app_error_handler_bare
 .text.app_error_fault_handler
                0x0000000000028438       0x70 _build/nrf52840_xxaa/app_error_weak.c.o
                0x0000000000028438                app_error_fault_handler
 .text.compare_func
                0x00000000000284a8       0x18 _build/nrf52840_xxaa/app_timer2.c.o
 .text.rtc_irq  0x00000000000284c0      0x318 _build/nrf52840_xxaa/app_timer2.c.o
 .text.app_timer_init
                0x00000000000287d8       0x6c _build/nrf52840_xxaa/app_timer2.c.o
                0x00000000000287d8                app_timer_init
 .text.app_timer_create
                0x0000000000028844       0x1c _build/nrf52840_xxaa/app_timer2.c.o
                0x0000000000028844                app_timer_create
 .text.app_timer_start
                0x0000000000028860       0x8c _build/nrf52840_xxaa/app_timer2.c.o
                0x0000000000028860                app_timer_start
 .text.app_timer_stop
                0x00000000000288ec       0x44 _build/nrf52840_xxaa/app_timer2.c.o
                0x00000000000288ec                app_timer_stop
 .text.app_util_critical_region_enter
                0x0000000000028930       0x4c _build/nrf52840_xxaa/app_util_platform.c.o
                0x0000000000028930                app_util_critical_region_enter
 .text.app_util_critical_region_exit
                0x000000000002897c       0x30 _build/nrf52840_xxaa/app_util_platform.c.o
                0x000000000002897c                app_util_critical_region_exit
 .text.drv_rtc_init
                0x00000000000289ac       0xc0 _build/nrf52840_xxaa/drv_rtc.c.o
                0x00000000000289ac                drv_rtc_init
 .text.drv_rtc_start
                0x0000000000028a6c        0x8 _build/nrf52840_xxaa/drv_rtc.c.o
                0x0000000000028a6c                drv_rtc_start
 .text.drv_rtc_stop
                0x0000000000028a74        0x8 _build/nrf52840_xxaa/drv_rtc.c.o
                0x0000000000028a74                drv_rtc_stop
 .text.drv_rtc_compare_set
                0x0000000000028a7c       0x4c _build/nrf52840_xxaa/drv_rtc.c.o
                0x0000000000028a7c                drv_rtc_compare_set
 .text.drv_rtc_windowed_compare_set
                0x0000000000028ac8       0xf8 _build/nrf52840_xxaa/drv_rtc.c.o
                0x0000000000028ac8                drv_rtc_windowed_compare_set
 .text.drv_rtc_overflow_enable
                0x0000000000028bc0       0x14 _build/nrf52840_xxaa/drv_rtc.c.o
                0x0000000000028bc0                drv_rtc_overflow_enable
 .text.drv_rtc_overflow_pending
                0x0000000000028bd4       0x20 _build/nrf52840_xxaa/drv_rtc.c.o
                0x0000000000028bd4                drv_rtc_overflow_pending
 .text.drv_rtc_compare_disable
                0x0000000000028bf4       0x18 _build/nrf52840_xxaa/drv_rtc.c.o
                0x0000000000028bf4                drv_rtc_compare_disable
 .text.drv_rtc_compare_pending
                0x0000000000028c0c       0x20 _build/nrf52840_xxaa/drv_rtc.c.o
                0x0000000000028c0c                drv_rtc_compare_pending
 .text.drv_rtc_counter_get
                0x0000000000028c2c        0x8 _build/nrf52840_xxaa/drv_rtc.c.o
                0x0000000000028c2c                drv_rtc_counter_get
 .text.drv_rtc_irq_trigger
                0x0000000000028c34       0x24 _build/nrf52840_xxaa/drv_rtc.c.o
                0x0000000000028c34                drv_rtc_irq_trigger
 .text.RTC1_IRQHandler
                0x0000000000028c58       0x14 _build/nrf52840_xxaa/drv_rtc.c.o
                0x0000000000028c58                RTC1_IRQHandler
 .text.nrf_atfifo_init
                0x0000000000028c6c       0x30 _build/nrf52840_xxaa/nrf_atfifo.c.o
                0x0000000000028c6c                nrf_atfifo_init
 .text.nrf_atfifo_item_alloc
                0x0000000000028c9c       0x5c _build/nrf52840_xxaa/nrf_atfifo.c.o
                0x0000000000028c9c                nrf_atfifo_item_alloc
 .text.nrf_atfifo_item_put
                0x0000000000028cf8       0x20 _build/nrf52840_xxaa/nrf_atfifo.c.o
                0x0000000000028cf8                nrf_atfifo_item_put
 .text.nrf_atfifo_item_get
                0x0000000000028d18       0x60 _build/nrf52840_xxaa/nrf_atfifo.c.o
                0x0000000000028d18                nrf_atfifo_item_get
 .text.nrf_atfifo_item_free
                0x0000000000028d78       0x20 _build/nrf52840_xxaa/nrf_atfifo.c.o
                0x0000000000028d78                nrf_atfifo_item_free
 .text.nrf_atflags_set
                0x0000000000028d98       0x14 _build/nrf52840_xxaa/nrf_atflags.c.o
                0x0000000000028d98                nrf_atflags_set
 .text.nrf_atflags_clear
                0x0000000000028dac       0x14 _build/nrf52840_xxaa/nrf_atflags.c.o
                0x0000000000028dac                nrf_atflags_clear
 .text.nrf_atflags_get
                0x0000000000028dc0       0x14 _build/nrf52840_xxaa/nrf_atflags.c.o
                0x0000000000028dc0                nrf_atflags_get
 .text.nrf_atomic_u32_fetch_store
                0x0000000000028dd4       0x1c _build/nrf52840_xxaa/nrf_atomic.c.o
                0x0000000000028dd4                nrf_atomic_u32_fetch_store
 .text.nrf_atomic_u32_or
                0x0000000000028df0       0x1c _build/nrf52840_xxaa/nrf_atomic.c.o
                0x0000000000028df0                nrf_atomic_u32_or
 .text.nrf_atomic_u32_and
                0x0000000000028e0c       0x1c _build/nrf52840_xxaa/nrf_atomic.c.o
                0x0000000000028e0c                nrf_atomic_u32_and
 .text.nrf_atomic_u32_add
                0x0000000000028e28       0x1c _build/nrf52840_xxaa/nrf_atomic.c.o
                0x0000000000028e28                nrf_atomic_u32_add
 .text.nrf_atomic_u32_sub
                0x0000000000028e44       0x1c _build/nrf52840_xxaa/nrf_atomic.c.o
                0x0000000000028e44                nrf_atomic_u32_sub
 .text.nrf_atomic_flag_set
                0x0000000000028e60       0x20 _build/nrf52840_xxaa/nrf_atomic.c.o
                0x0000000000028e60                nrf_atomic_flag_set
 .text.nrf_atomic_flag_clear_fetch
                0x0000000000028e80       0x20 _build/nrf52840_xxaa/nrf_atomic.c.o
                0x0000000000028e80                nrf_atomic_flag_clear_fetch
 .text.nrf_balloc_init
                0x0000000000028ea0       0x38 _build/nrf52840_xxaa/nrf_balloc.c.o
                0x0000000000028ea0                nrf_balloc_init
 .text.nrf_balloc_alloc
                0x0000000000028ed8       0x50 _build/nrf52840_xxaa/nrf_balloc.c.o
                0x0000000000028ed8                nrf_balloc_alloc
 .text.nrf_balloc_free
                0x0000000000028f28       0x38 _build/nrf52840_xxaa/nrf_balloc.c.o
                0x0000000000028f28                nrf_balloc_free
 .text.nrf_fprintf_buffer_flush
                0x0000000000028f60       0x18 _build/nrf52840_xxaa/nrf_fprintf.c.o
                0x0000000000028f60                nrf_fprintf_buffer_flush
 .text.nrf_fprintf
                0x0000000000028f78       0x20 _build/nrf52840_xxaa/nrf_fprintf.c.o
                0x0000000000028f78                nrf_fprintf
 .text.unsigned_print
                0x0000000000028f98      0x14c _build/nrf52840_xxaa/nrf_fprintf_format.c.o
 .text.nrf_fprintf_fmt
                0x00000000000290e4      0x5cc _build/nrf52840_xxaa/nrf_fprintf_format.c.o
                0x00000000000290e4                nrf_fprintf_fmt
 .text.nrf_memobj_pool_init
                0x00000000000296b0        0x4 _build/nrf52840_xxaa/nrf_memobj.c.o
                0x00000000000296b0                nrf_memobj_pool_init
 .text.nrf_memobj_alloc
                0x00000000000296b4       0x94 _build/nrf52840_xxaa/nrf_memobj.c.o
                0x00000000000296b4                nrf_memobj_alloc
 .text.nrf_memobj_get
                0x0000000000029748        0x8 _build/nrf52840_xxaa/nrf_memobj.c.o
                0x0000000000029748                nrf_memobj_get
 .text.nrf_memobj_put
                0x0000000000029750       0x58 _build/nrf52840_xxaa/nrf_memobj.c.o
                0x0000000000029750                nrf_memobj_put
 .text.nrf_memobj_write
                0x00000000000297a8       0x68 _build/nrf52840_xxaa/nrf_memobj.c.o
                0x00000000000297a8                nrf_memobj_write
 .text.nrf_memobj_read
                0x0000000000029810       0x68 _build/nrf52840_xxaa/nrf_memobj.c.o
                0x0000000000029810                nrf_memobj_read
 .text.sd_app_evt_wait
                0x0000000000029878        0x4 _build/nrf52840_xxaa/nrf_pwr_mgmt.c.o
 .text.nrf_pwr_mgmt_init
                0x000000000002987c       0x2c _build/nrf52840_xxaa/nrf_pwr_mgmt.c.o
                0x000000000002987c                nrf_pwr_mgmt_init
 .text.nrf_pwr_mgmt_run
                0x00000000000298a8       0x54 _build/nrf52840_xxaa/nrf_pwr_mgmt.c.o
                0x00000000000298a8                nrf_pwr_mgmt_run
 .text.nrf_ringbuf_init
                0x00000000000298fc       0x1c _build/nrf52840_xxaa/nrf_ringbuf.c.o
                0x00000000000298fc                nrf_ringbuf_init
 .text.nrf_section_iter_init
                0x0000000000029918       0x14 _build/nrf52840_xxaa/nrf_section_iter.c.o
                0x0000000000029918                nrf_section_iter_init
 .text.nrf_section_iter_next
                0x000000000002992c       0x18 _build/nrf52840_xxaa/nrf_section_iter.c.o
                0x000000000002992c                nrf_section_iter_next
 .text.nrf_sortlist_add
                0x0000000000029944       0x28 _build/nrf52840_xxaa/nrf_sortlist.c.o
                0x0000000000029944                nrf_sortlist_add
 .text.nrf_sortlist_pop
                0x000000000002996c        0xc _build/nrf52840_xxaa/nrf_sortlist.c.o
                0x000000000002996c                nrf_sortlist_pop
 .text.nrf_sortlist_peek
                0x0000000000029978        0x8 _build/nrf52840_xxaa/nrf_sortlist.c.o
                0x0000000000029978                nrf_sortlist_peek
 .text.nrf_sortlist_remove
                0x0000000000029980       0x1c _build/nrf52840_xxaa/nrf_sortlist.c.o
                0x0000000000029980                nrf_sortlist_remove
 .text.nrf_strerror_get
                0x000000000002999c       0x50 _build/nrf52840_xxaa/nrf_strerror.c.o
                0x000000000002999c                nrf_strerror_get
 .text.SystemInit
                0x00000000000299ec      0x220 _build/nrf52840_xxaa/system_nrf52840.c.o
                0x00000000000299ec                SystemInit
 .text.bsp_board_led_on
                0x0000000000029c0c       0x24 _build/nrf52840_xxaa/boards.c.o
                0x0000000000029c0c                bsp_board_led_on
 .text.bsp_board_led_off
                0x0000000000029c30       0x24 _build/nrf52840_xxaa/boards.c.o
                0x0000000000029c30                bsp_board_led_off
 .text.bsp_board_init
                0x0000000000029c54       0x54 _build/nrf52840_xxaa/boards.c.o
                0x0000000000029c54                bsp_board_init
 .text.clock_irq_handler
                0x0000000000029ca8       0x44 _build/nrf52840_xxaa/nrf_drv_clock.c.o
 .text.soc_evt_handler
                0x0000000000029cec       0x28 _build/nrf52840_xxaa/nrf_drv_clock.c.o
 .text.sd_state_evt_handler
                0x0000000000029d14       0xc8 _build/nrf52840_xxaa/nrf_drv_clock.c.o
 .text.uarte_evt_handler
                0x0000000000029ddc       0x34 _build/nrf52840_xxaa/nrf_drv_uart.c.o
 .text.uart_evt_handler
                0x0000000000029e10       0x34 _build/nrf52840_xxaa/nrf_drv_uart.c.o
 .text.nrf_drv_uart_init
                0x0000000000029e44       0x88 _build/nrf52840_xxaa/nrf_drv_uart.c.o
                0x0000000000029e44                nrf_drv_uart_init
 .text.nrfx_clock_init
                0x0000000000029ecc       0x18 _build/nrf52840_xxaa/nrfx_clock.c.o
                0x0000000000029ecc                nrfx_clock_init
 .text.nrfx_clock_enable
                0x0000000000029ee4       0x24 _build/nrf52840_xxaa/nrfx_clock.c.o
                0x0000000000029ee4                nrfx_clock_enable
 .text.nrfx_clock_lfclk_stop
                0x0000000000029f08       0x38 _build/nrf52840_xxaa/nrfx_clock.c.o
                0x0000000000029f08                nrfx_clock_lfclk_stop
 .text.POWER_CLOCK_IRQHandler
                0x0000000000029f40       0x6c _build/nrf52840_xxaa/nrfx_clock.c.o
                0x0000000000029f40                POWER_CLOCK_IRQHandler
 .text.nrfx_gpiote_init
                0x0000000000029fac       0xb0 _build/nrf52840_xxaa/nrfx_gpiote.c.o
                0x0000000000029fac                nrfx_gpiote_init
 .text.nrfx_gpiote_is_init
                0x000000000002a05c       0x14 _build/nrf52840_xxaa/nrfx_gpiote.c.o
                0x000000000002a05c                nrfx_gpiote_is_init
 .text.nrfx_gpiote_in_init
                0x000000000002a070      0x1e4 _build/nrf52840_xxaa/nrfx_gpiote.c.o
                0x000000000002a070                nrfx_gpiote_in_init
 .text.nrfx_gpiote_in_event_enable
                0x000000000002a254       0xd8 _build/nrf52840_xxaa/nrfx_gpiote.c.o
                0x000000000002a254                nrfx_gpiote_in_event_enable
 .text.nrfx_gpiote_in_event_disable
                0x000000000002a32c       0x74 _build/nrf52840_xxaa/nrfx_gpiote.c.o
                0x000000000002a32c                nrfx_gpiote_in_event_disable
 .text.nrfx_gpiote_in_is_set
                0x000000000002a3a0       0x20 _build/nrf52840_xxaa/nrfx_gpiote.c.o
                0x000000000002a3a0                nrfx_gpiote_in_is_set
 .text.GPIOTE_IRQHandler
                0x000000000002a3c0      0x500 _build/nrf52840_xxaa/nrfx_gpiote.c.o
                0x000000000002a3c0                GPIOTE_IRQHandler
 .text.UARTE0_UART0_IRQHandler
                0x000000000002a8c0        0xc _build/nrf52840_xxaa/nrfx_prs.c.o
                0x000000000002a8c0                UARTE0_UART0_IRQHandler
 .text.nrfx_prs_acquire
                0x000000000002a8cc       0x50 _build/nrf52840_xxaa/nrfx_prs.c.o
                0x000000000002a8cc                nrfx_prs_acquire
 .text.nrfx_prs_release
                0x000000000002a91c       0x18 _build/nrf52840_xxaa/nrfx_prs.c.o
                0x000000000002a91c                nrfx_prs_release
 .text.nrfx_uart_0_irq_handler
                0x000000000002a934      0x1c4 _build/nrf52840_xxaa/nrfx_uart.c.o
                0x000000000002a934                nrfx_uart_0_irq_handler
 .text.nrfx_uart_init
                0x000000000002aaf8      0x1f0 _build/nrf52840_xxaa/nrfx_uart.c.o
                0x000000000002aaf8                nrfx_uart_init
 .text.nrfx_uart_uninit
                0x000000000002ace8      0x10c _build/nrf52840_xxaa/nrfx_uart.c.o
                0x000000000002ace8                nrfx_uart_uninit
 .text.nrfx_uart_tx
                0x000000000002adf4       0xd0 _build/nrf52840_xxaa/nrfx_uart.c.o
                0x000000000002adf4                nrfx_uart_tx
 .text.nrfx_uarte_0_irq_handler
                0x000000000002aec4      0x168 _build/nrf52840_xxaa/nrfx_uarte.c.o
                0x000000000002aec4                nrfx_uarte_0_irq_handler
 .text.nrfx_uarte_init
                0x000000000002b02c      0x228 _build/nrf52840_xxaa/nrfx_uarte.c.o
                0x000000000002b02c                nrfx_uarte_init
 .text.nrfx_uarte_uninit
                0x000000000002b254      0x170 _build/nrf52840_xxaa/nrfx_uarte.c.o
                0x000000000002b254                nrfx_uarte_uninit
 .text.nrfx_uarte_tx
                0x000000000002b3c4       0xb4 _build/nrf52840_xxaa/nrfx_uarte.c.o
                0x000000000002b3c4                nrfx_uarte_tx
 .text.sd_ble_gap_adv_set_configure
                0x000000000002b478        0x4 _build/nrf52840_xxaa/main.c.o
 .text.sd_ble_gap_adv_start
                0x000000000002b47c        0x4 _build/nrf52840_xxaa/main.c.o
 .text.sd_ble_gap_disconnect
                0x000000000002b480        0x4 _build/nrf52840_xxaa/main.c.o
 .text.sd_ble_gap_ppcp_set
                0x000000000002b484        0x4 _build/nrf52840_xxaa/main.c.o
 .text.sd_ble_gap_device_name_set
                0x000000000002b488        0x4 _build/nrf52840_xxaa/main.c.o
 .text.sd_ble_gap_sec_params_reply
                0x000000000002b48c        0x4 _build/nrf52840_xxaa/main.c.o
 .text.sd_ble_gap_phy_update
                0x000000000002b490        0x4 _build/nrf52840_xxaa/main.c.o
 .text.sd_ble_gatts_sys_attr_set
                0x000000000002b494        0x4 _build/nrf52840_xxaa/main.c.o
 .text.nrf_qwr_error_handler
                0x000000000002b498        0x4 _build/nrf52840_xxaa/main.c.o
 .text.on_conn_params_evt
                0x000000000002b49c       0x24 _build/nrf52840_xxaa/main.c.o
 .text.button_event_handler
                0x000000000002b4c0       0x60 _build/nrf52840_xxaa/main.c.o
 .text.led_write_handler
                0x000000000002b520       0x40 _build/nrf52840_xxaa/main.c.o
 .text.conn_params_error_handler
                0x000000000002b560        0x4 _build/nrf52840_xxaa/main.c.o
 .text.ble_evt_handler
                0x000000000002b564      0x134 _build/nrf52840_xxaa/main.c.o
 .text.startup.main
                0x000000000002b698      0x280 _build/nrf52840_xxaa/main.c.o
                0x000000000002b698                main
 .text.sd_ble_gap_addr_get
                0x000000000002b918        0x4 _build/nrf52840_xxaa/ble_advdata.c.o
 .text.sd_ble_gap_appearance_get
                0x000000000002b91c        0x4 _build/nrf52840_xxaa/ble_advdata.c.o
 .text.sd_ble_gap_device_name_get
                0x000000000002b920        0x4 _build/nrf52840_xxaa/ble_advdata.c.o
 .text.sd_ble_uuid_encode
                0x000000000002b924        0x4 _build/nrf52840_xxaa/ble_advdata.c.o
 .text.uuid_list_sized_encode.isra.0
                0x000000000002b928       0xf0 _build/nrf52840_xxaa/ble_advdata.c.o
 .text.ble_advdata_encode
                0x000000000002ba18      0x40c _build/nrf52840_xxaa/ble_advdata.c.o
                0x000000000002ba18                ble_advdata_encode
 .text.sd_ble_gap_conn_param_update
                0x000000000002be24        0x4 _build/nrf52840_xxaa/ble_conn_params.c.o
 .text.sd_ble_gap_disconnect
                0x000000000002be28        0x4 _build/nrf52840_xxaa/ble_conn_params.c.o
 .text.sd_ble_gap_ppcp_set
                0x000000000002be2c        0x4 _build/nrf52840_xxaa/ble_conn_params.c.o
 .text.sd_ble_gap_ppcp_get
                0x000000000002be30        0x4 _build/nrf52840_xxaa/ble_conn_params.c.o
 .text.update_timeout_handler
                0x000000000002be34       0x78 _build/nrf52840_xxaa/ble_conn_params.c.o
 .text.ble_evt_handler
                0x000000000002beac      0x1d4 _build/nrf52840_xxaa/ble_conn_params.c.o
 .text.ble_conn_params_init
                0x000000000002c080       0x78 _build/nrf52840_xxaa/ble_conn_params.c.o
                0x000000000002c080                ble_conn_params_init
 .text.ble_evt_handler
                0x000000000002c0f8      0x160 _build/nrf52840_xxaa/ble_conn_state.c.o
 .text.sd_ble_gatts_characteristic_add
                0x000000000002c258        0x4 _build/nrf52840_xxaa/ble_srv_common.c.o
 .text.ble_srv_is_notification_enabled
                0x000000000002c25c        0x8 _build/nrf52840_xxaa/ble_srv_common.c.o
                0x000000000002c25c                ble_srv_is_notification_enabled
 .text.characteristic_add
                0x000000000002c264      0x278 _build/nrf52840_xxaa/ble_srv_common.c.o
                0x000000000002c264                characteristic_add
 .text.sd_ble_gap_data_length_update
                0x000000000002c4dc        0x4 _build/nrf52840_xxaa/nrf_ble_gatt.c.o
 .text.sd_ble_gattc_exchange_mtu_request
                0x000000000002c4e0        0x4 _build/nrf52840_xxaa/nrf_ble_gatt.c.o
 .text.sd_ble_gatts_exchange_mtu_reply
                0x000000000002c4e4        0x4 _build/nrf52840_xxaa/nrf_ble_gatt.c.o
 .text.data_length_update.constprop.0
                0x000000000002c4e8       0x8c _build/nrf52840_xxaa/nrf_ble_gatt.c.o
 .text.nrf_ble_gatt_init
                0x000000000002c574       0x28 _build/nrf52840_xxaa/nrf_ble_gatt.c.o
                0x000000000002c574                nrf_ble_gatt_init
 .text.nrf_ble_gatt_on_ble_evt
                0x000000000002c59c      0x1c8 _build/nrf52840_xxaa/nrf_ble_gatt.c.o
                0x000000000002c59c                nrf_ble_gatt_on_ble_evt
 .text.sd_ble_gatts_rw_authorize_reply
                0x000000000002c764        0x4 _build/nrf52840_xxaa/nrf_ble_qwr.c.o
 .text.sd_ble_user_mem_reply
                0x000000000002c768        0x4 _build/nrf52840_xxaa/nrf_ble_qwr.c.o
 .text.nrf_ble_qwr_init
                0x000000000002c76c       0x24 _build/nrf52840_xxaa/nrf_ble_qwr.c.o
                0x000000000002c76c                nrf_ble_qwr_init
 .text.nrf_ble_qwr_conn_handle_assign
                0x000000000002c790       0x18 _build/nrf52840_xxaa/nrf_ble_qwr.c.o
                0x000000000002c790                nrf_ble_qwr_conn_handle_assign
 .text.nrf_ble_qwr_on_ble_evt
                0x000000000002c7a8       0xf4 _build/nrf52840_xxaa/nrf_ble_qwr.c.o
                0x000000000002c7a8                nrf_ble_qwr_on_ble_evt
 .text.sd_ble_gatts_service_add
                0x000000000002c89c        0x4 _build/nrf52840_xxaa/ble_lbs.c.o
 .text.sd_ble_gatts_hvx
                0x000000000002c8a0        0x4 _build/nrf52840_xxaa/ble_lbs.c.o
 .text.sd_ble_uuid_vs_add
                0x000000000002c8a4        0x4 _build/nrf52840_xxaa/ble_lbs.c.o
 .text.ble_lbs_on_ble_evt
                0x000000000002c8a8       0x30 _build/nrf52840_xxaa/ble_lbs.c.o
                0x000000000002c8a8                ble_lbs_on_ble_evt
 .text.ble_lbs_init
                0x000000000002c8d8       0xd0 _build/nrf52840_xxaa/ble_lbs.c.o
                0x000000000002c8d8                ble_lbs_init
 .text.ble_lbs_on_button_change
                0x000000000002c9a8       0x40 _build/nrf52840_xxaa/ble_lbs.c.o
                0x000000000002c9a8                ble_lbs_on_button_change
 .text.sd_softdevice_enable
                0x000000000002c9e8        0x4 _build/nrf52840_xxaa/nrf_sdh.c.o
 .text.nrf_sdh_enable_request
                0x000000000002c9ec      0x118 _build/nrf52840_xxaa/nrf_sdh.c.o
                0x000000000002c9ec                nrf_sdh_enable_request
 .text.nrf_sdh_is_enabled
                0x000000000002cb04        0xc _build/nrf52840_xxaa/nrf_sdh.c.o
                0x000000000002cb04                nrf_sdh_is_enabled
 .text.SWI2_EGU2_IRQHandler
                0x000000000002cb10       0x2c _build/nrf52840_xxaa/nrf_sdh.c.o
                0x000000000002cb10                SWI2_EGU2_IRQHandler
 .text.sd_ble_enable
                0x000000000002cb3c        0x4 _build/nrf52840_xxaa/nrf_sdh_ble.c.o
 .text.sd_ble_cfg_set
                0x000000000002cb40        0x4 _build/nrf52840_xxaa/nrf_sdh_ble.c.o
 .text.sd_ble_evt_get
                0x000000000002cb44        0x4 _build/nrf52840_xxaa/nrf_sdh_ble.c.o
 .text.nrf_sdh_ble_evts_poll
                0x000000000002cb48       0x5c _build/nrf52840_xxaa/nrf_sdh_ble.c.o
 .text.nrf_sdh_ble_default_cfg_set
                0x000000000002cba4      0x17c _build/nrf52840_xxaa/nrf_sdh_ble.c.o
                0x000000000002cba4                nrf_sdh_ble_default_cfg_set
 .text.nrf_sdh_ble_enable
                0x000000000002cd20       0xa0 _build/nrf52840_xxaa/nrf_sdh_ble.c.o
                0x000000000002cd20                nrf_sdh_ble_enable
 .text.sd_evt_get
                0x000000000002cdc0        0x4 _build/nrf52840_xxaa/nrf_sdh_soc.c.o
 .text.nrf_sdh_soc_evts_poll
                0x000000000002cdc4       0x4c _build/nrf52840_xxaa/nrf_sdh_soc.c.o
 .text.exit     0x000000000002ce10       0x28 /usr/local/Cellar/arm-none-eabi-gcc/9-2019-q4-major/gcc/bin/../lib/gcc/arm-none-eabi/9.2.1/../../../../arm-none-eabi/lib/thumb/v7e-m+fp/hard/libc_nano.a(lib_a-exit.o)
                0x000000000002ce10                exit
 .text.__libc_init_array
                0x000000000002ce38       0x48 /usr/local/Cellar/arm-none-eabi-gcc/9-2019-q4-major/gcc/bin/../lib/gcc/arm-none-eabi/9.2.1/../../../../arm-none-eabi/lib/thumb/v7e-m+fp/hard/libc_nano.a(lib_a-init.o)
                0x000000000002ce38                __libc_init_array
 .text.memcpy   0x000000000002ce80       0x1c /usr/local/Cellar/arm-none-eabi-gcc/9-2019-q4-major/gcc/bin/../lib/gcc/arm-none-eabi/9.2.1/../../../../arm-none-eabi/lib/thumb/v7e-m+fp/hard/libc_nano.a(lib_a-memcpy-stub.o)
                0x000000000002ce80                memcpy
 .text.memset   0x000000000002ce9c       0x10 /usr/local/Cellar/arm-none-eabi-gcc/9-2019-q4-major/gcc/bin/../lib/gcc/arm-none-eabi/9.2.1/../../../../arm-none-eabi/lib/thumb/v7e-m+fp/hard/libc_nano.a(lib_a-memset.o)
                0x000000000002ce9c                memset
 .text          0x000000000002ceac       0x10 /usr/local/Cellar/arm-none-eabi-gcc/9-2019-q4-major/gcc/bin/../lib/gcc/arm-none-eabi/9.2.1/../../../../arm-none-eabi/lib/thumb/v7e-m+fp/hard/libc_nano.a(lib_a-strlen.o)
                0x000000000002ceac                strlen
 .text._exit    0x000000000002cebc        0x4 /usr/local/Cellar/arm-none-eabi-gcc/9-2019-q4-major/gcc/bin/../lib/gcc/arm-none-eabi/9.2.1/../../../../arm-none-eabi/lib/thumb/v7e-m+fp/hard/libnosys.a(_exit.o)
                0x000000000002cebc                _exit
 *(.init)
 .init          0x000000000002cec0        0x4 /usr/local/Cellar/arm-none-eabi-gcc/9-2019-q4-major/gcc/bin/../lib/gcc/arm-none-eabi/9.2.1/thumb/v7e-m+fp/hard/crti.o
                0x000000000002cec0                _init
 .init          0x000000000002cec4        0x8 /usr/local/Cellar/arm-none-eabi-gcc/9-2019-q4-major/gcc/bin/../lib/gcc/arm-none-eabi/9.2.1/thumb/v7e-m+fp/hard/crtn.o
 *(.fini)
 .fini          0x000000000002cecc        0x4 /usr/local/Cellar/arm-none-eabi-gcc/9-2019-q4-major/gcc/bin/../lib/gcc/arm-none-eabi/9.2.1/thumb/v7e-m+fp/hard/crti.o
                0x000000000002cecc                _fini
 .fini          0x000000000002ced0        0x8 /usr/local/Cellar/arm-none-eabi-gcc/9-2019-q4-major/gcc/bin/../lib/gcc/arm-none-eabi/9.2.1/thumb/v7e-m+fp/hard/crtn.o
 *crtbegin.o(.ctors)
 *crtbegin?.o(.ctors)
 *(EXCLUDE_FILE(*crtend.o *crtend?.o) .ctors)
 *(SORT_BY_NAME(.ctors.*))
 *(.ctors)
 *crtbegin.o(.dtors)
 *crtbegin?.o(.dtors)
 *(EXCLUDE_FILE(*crtend.o *crtend?.o) .dtors)
 *(SORT_BY_NAME(.dtors.*))
 *(.dtors)
 *(.rodata*)
 .rodata        0x000000000002ced8       0x20 _build/nrf52840_xxaa/nrf_log_backend_uart.c.o
 .rodata.nrf_log_backend_uart_api
                0x000000000002cef8        0xc _build/nrf52840_xxaa/nrf_log_backend_uart.c.o
                0x000000000002cef8                nrf_log_backend_uart_api
 .rodata.str1.4
                0x000000000002cf04       0x11 _build/nrf52840_xxaa/nrf_log_default_backends.c.o
 *fill*         0x000000000002cf15        0x3 
 .rodata.nrf_log_frontend_dequeue.str1.4
                0x000000000002cf18       0x11 _build/nrf52840_xxaa/nrf_log_frontend.c.o
 *fill*         0x000000000002cf29        0x3 
 .rodata.str1.4
                0x000000000002cf2c        0x4 _build/nrf52840_xxaa/nrf_log_frontend.c.o
 .rodata.m_log_push_ringbuf
                0x000000000002cf30        0xc _build/nrf52840_xxaa/nrf_log_frontend.c.o
 .rodata.prefix_process.str1.4
                0x000000000002cf3c       0x36 _build/nrf52840_xxaa/nrf_log_str_formatter.c.o
 *fill*         0x000000000002cf72        0x2 
 .rodata.nrf_log_std_entry_process.str1.4
                0x000000000002cf74        0x3 _build/nrf52840_xxaa/nrf_log_str_formatter.c.o
 *fill*         0x000000000002cf77        0x1 
 .rodata.nrf_log_hexdump_entry_process.str1.4
                0x000000000002cf78       0x13 _build/nrf52840_xxaa/nrf_log_str_formatter.c.o
                                         0x16 (size before relaxing)
 *fill*         0x000000000002cf8b        0x1 
 .rodata.str1.4
                0x000000000002cf8c       0x56 _build/nrf52840_xxaa/nrf_log_str_formatter.c.o
 *fill*         0x000000000002cfe2        0x2 
 .rodata.m_colors
                0x000000000002cfe4       0x24 _build/nrf52840_xxaa/nrf_log_str_formatter.c.o
 .rodata.severity_names
                0x000000000002d008       0x14 _build/nrf52840_xxaa/nrf_log_str_formatter.c.o
 .rodata.str1.4
                0x000000000002d01c        0xb _build/nrf52840_xxaa/app_button.c.o
 *fill*         0x000000000002d027        0x1 
 .rodata.m_detection_delay_timer_id
                0x000000000002d028        0x4 _build/nrf52840_xxaa/app_button.c.o
 .rodata.app_error_fault_handler.str1.4
                0x000000000002d02c       0x19 _build/nrf52840_xxaa/app_error_weak.c.o
 *fill*         0x000000000002d045        0x3 
 .rodata.str1.4
                0x000000000002d048        0xa _build/nrf52840_xxaa/app_timer2.c.o
 *fill*         0x000000000002d052        0x2 
 .rodata        0x000000000002d054        0x4 _build/nrf52840_xxaa/app_timer2.c.o
 .rodata.m_app_timer_sortlist
                0x000000000002d058        0xc _build/nrf52840_xxaa/app_timer2.c.o
 .rodata.drv_rtc_init.str1.4
                0x000000000002d064       0x36 _build/nrf52840_xxaa/drv_rtc.c.o
 *fill*         0x000000000002d09a        0x6 
 .rodata.delay_machine_code.8841
                0x000000000002d0a0        0x6 _build/nrf52840_xxaa/drv_rtc.c.o
 *fill*         0x000000000002d0a6        0x2 
 .rodata._aV2C.7901
                0x000000000002d0a8       0x10 _build/nrf52840_xxaa/nrf_fprintf_format.c.o
 .rodata.str1.4
                0x000000000002d0b8        0x9 _build/nrf52840_xxaa/nrf_pwr_mgmt.c.o
 *fill*         0x000000000002d0c1        0x3 
 .rodata.pwr_mgmt_data
                0x000000000002d0c4        0xc _build/nrf52840_xxaa/nrf_pwr_mgmt.c.o
 .rodata.str1.4
                0x000000000002d0d0        0x9 _build/nrf52840_xxaa/nrf_sortlist.c.o
 *fill*         0x000000000002d0d9        0x3 
 .rodata.str1.4
                0x000000000002d0dc      0x3e9 _build/nrf52840_xxaa/nrf_strerror.c.o
 *fill*         0x000000000002d4c5        0x3 
 .rodata.m_unknown_str
                0x000000000002d4c8       0x13 _build/nrf52840_xxaa/nrf_strerror.c.o
 *fill*         0x000000000002d4db        0x1 
 .rodata.nrf_strerror_array
                0x000000000002d4dc      0x128 _build/nrf52840_xxaa/nrf_strerror.c.o
 .rodata.CSWTCH.6
                0x000000000002d604        0x4 _build/nrf52840_xxaa/system_nrf52840.c.o
 .rodata.m_board_led_list
                0x000000000002d608        0x3 _build/nrf52840_xxaa/boards.c.o
 *fill*         0x000000000002d60b        0x1 
 .rodata.str1.4
                0x000000000002d60c        0x6 _build/nrf52840_xxaa/nrf_drv_clock.c.o
 *fill*         0x000000000002d612        0x2 
 .rodata.str1.4
                0x000000000002d614        0x6 _build/nrf52840_xxaa/nrfx_clock.c.o
 *fill*         0x000000000002d61a        0x2 
 .rodata.str1.4
                0x000000000002d61c        0x7 _build/nrf52840_xxaa/nrfx_gpiote.c.o
 *fill*         0x000000000002d623        0x1 
 .rodata.str1.4
                0x000000000002d624        0x4 _build/nrf52840_xxaa/nrfx_prs.c.o
 .rodata.str1.4
                0x000000000002d628        0x5 _build/nrf52840_xxaa/nrfx_uart.c.o
 *fill*         0x000000000002d62d        0x3 
 .rodata.str1.4
                0x000000000002d630        0x6 _build/nrf52840_xxaa/nrfx_uarte.c.o
 *fill*         0x000000000002d636        0x2 
 .rodata.button_event_handler.str1.4
                0x000000000002d638       0x1a _build/nrf52840_xxaa/main.c.o
 *fill*         0x000000000002d652        0x2 
 .rodata.led_write_handler.str1.4
                0x000000000002d654       0x26 _build/nrf52840_xxaa/main.c.o
 *fill*         0x000000000002d67a        0x2 
 .rodata.ble_evt_handler.str1.4
                0x000000000002d67c       0x19 _build/nrf52840_xxaa/main.c.o
 *fill*         0x000000000002d695        0x3 
 .rodata.main.str1.4
                0x000000000002d698       0x28 _build/nrf52840_xxaa/main.c.o
 .rodata.data_length_update.constprop.0.str1.4
                0x000000000002d6c0       0xe2 _build/nrf52840_xxaa/nrf_ble_gatt.c.o
 *fill*         0x000000000002d7a2        0x2 
 .rodata.nrf_ble_gatt_on_ble_evt.str1.4
                0x000000000002d7a4       0x63 _build/nrf52840_xxaa/nrf_ble_gatt.c.o
 *fill*         0x000000000002d807        0x1 
 .rodata.str1.4
                0x000000000002d808        0xd _build/nrf52840_xxaa/nrf_ble_gatt.c.o
 *fill*         0x000000000002d815        0x3 
 .rodata        0x000000000002d818       0x10 _build/nrf52840_xxaa/ble_lbs.c.o
 .rodata.str1.4
                0x000000000002d828        0x8 _build/nrf52840_xxaa/nrf_sdh.c.o
 .rodata        0x000000000002d830        0x4 _build/nrf52840_xxaa/nrf_sdh.c.o
 .rodata.sdh_req_observers
                0x000000000002d834        0xc _build/nrf52840_xxaa/nrf_sdh.c.o
 .rodata.sdh_stack_observers
                0x000000000002d840        0xc _build/nrf52840_xxaa/nrf_sdh.c.o
 .rodata.sdh_state_observers
                0x000000000002d84c        0xc _build/nrf52840_xxaa/nrf_sdh.c.o
 .rodata.nrf_sdh_ble_default_cfg_set.str1.4
                0x000000000002d858      0x187 _build/nrf52840_xxaa/nrf_sdh_ble.c.o
 *fill*         0x000000000002d9df        0x1 
 .rodata.nrf_sdh_ble_enable.str1.4
                0x000000000002d9e0       0xad _build/nrf52840_xxaa/nrf_sdh_ble.c.o
 *fill*         0x000000000002da8d        0x3 
 .rodata.str1.4
                0x000000000002da90        0xc _build/nrf52840_xxaa/nrf_sdh_ble.c.o
 .rodata.sdh_ble_observers
                0x000000000002da9c        0xc _build/nrf52840_xxaa/nrf_sdh_ble.c.o
 .rodata.str1.4
                0x000000000002daa8        0xc _build/nrf52840_xxaa/nrf_sdh_soc.c.o
 .rodata.sdh_soc_observers
                0x000000000002dab4        0xc _build/nrf52840_xxaa/nrf_sdh_soc.c.o
 .rodata._ctype_
                0x000000000002dac0      0x101 /usr/local/Cellar/arm-none-eabi-gcc/9-2019-q4-major/gcc/bin/../lib/gcc/arm-none-eabi/9.2.1/../../../../arm-none-eabi/lib/thumb/v7e-m+fp/hard/libc_nano.a(lib_a-ctype_.o)
                0x000000000002dac0                _ctype_
 *fill*         0x000000000002dbc1        0x3 
 .rodata._global_impure_ptr
                0x000000000002dbc4        0x4 /usr/local/Cellar/arm-none-eabi-gcc/9-2019-q4-major/gcc/bin/../lib/gcc/arm-none-eabi/9.2.1/../../../../arm-none-eabi/lib/thumb/v7e-m+fp/hard/libc_nano.a(lib_a-impure.o)
                0x000000000002dbc4                _global_impure_ptr
 *(.eh_frame*)
 .eh_frame      0x000000000002dbc8        0x0 /usr/local/Cellar/arm-none-eabi-gcc/9-2019-q4-major/gcc/bin/../lib/gcc/arm-none-eabi/9.2.1/thumb/v7e-m+fp/hard/crtbegin.o
 .eh_frame      0x000000000002dbc8        0x4 /usr/local/Cellar/arm-none-eabi-gcc/9-2019-q4-major/gcc/bin/../lib/gcc/arm-none-eabi/9.2.1/thumb/v7e-m+fp/hard/crtend.o

.glue_7         0x000000000002dbcc        0x0
 .glue_7        0x000000000002dbcc        0x0 linker stubs

.glue_7t        0x000000000002dbcc        0x0
 .glue_7t       0x000000000002dbcc        0x0 linker stubs

.vfp11_veneer   0x000000000002dbcc        0x0
 .vfp11_veneer  0x000000000002dbcc        0x0 linker stubs

.v4_bx          0x000000000002dbcc        0x0
 .v4_bx         0x000000000002dbcc        0x0 linker stubs

.iplt           0x000000000002dbcc        0x0
 .iplt          0x000000000002dbcc        0x0 /usr/local/Cellar/arm-none-eabi-gcc/9-2019-q4-major/gcc/bin/../lib/gcc/arm-none-eabi/9.2.1/thumb/v7e-m+fp/hard/crtbegin.o

.mem_section_dummy_rom

.sdh_soc_observers
                0x000000000002dbcc        0x8
                0x000000000002dbcc                PROVIDE (__start_sdh_soc_observers = .)
 *(SORT_BY_NAME(.sdh_soc_observers*))
 .sdh_soc_observers0
                0x000000000002dbcc        0x8 _build/nrf52840_xxaa/nrf_drv_clock.c.o
                0x000000000002dbd4                PROVIDE (__stop_sdh_soc_observers = .)

.pwr_mgmt_data  0x000000000002dbd4        0x0
                0x000000000002dbd4                PROVIDE (__start_pwr_mgmt_data = .)
 *(SORT_BY_NAME(.pwr_mgmt_data*))
                0x000000000002dbd4                PROVIDE (__stop_pwr_mgmt_data = .)

.sdh_ble_observers
                0x000000000002dbd4       0x30
                0x000000000002dbd4                PROVIDE (__start_sdh_ble_observers = .)
 *(SORT_BY_NAME(.sdh_ble_observers*))
 .sdh_ble_observers0
                0x000000000002dbd4        0x8 _build/nrf52840_xxaa/ble_conn_state.c.o
 .sdh_ble_observers1
                0x000000000002dbdc        0x8 _build/nrf52840_xxaa/main.c.o
 .sdh_ble_observers1
                0x000000000002dbe4        0x8 _build/nrf52840_xxaa/ble_conn_params.c.o
 .sdh_ble_observers2
                0x000000000002dbec       0x10 _build/nrf52840_xxaa/main.c.o
 .sdh_ble_observers3
                0x000000000002dbfc        0x8 _build/nrf52840_xxaa/main.c.o
                0x000000000002dc04                PROVIDE (__stop_sdh_ble_observers = .)

.sdh_req_observers
                0x000000000002dc04        0x0
                0x000000000002dc04                PROVIDE (__start_sdh_req_observers = .)
 *(SORT_BY_NAME(.sdh_req_observers*))
                0x000000000002dc04                PROVIDE (__stop_sdh_req_observers = .)

.sdh_state_observers
                0x000000000002dc04        0x8
                0x000000000002dc04                PROVIDE (__start_sdh_state_observers = .)
 *(SORT_BY_NAME(.sdh_state_observers*))
 .sdh_state_observers0
                0x000000000002dc04        0x8 _build/nrf52840_xxaa/nrf_drv_clock.c.o
                0x000000000002dc0c                PROVIDE (__stop_sdh_state_observers = .)

.sdh_stack_observers
                0x000000000002dc0c       0x10
                0x000000000002dc0c                PROVIDE (__start_sdh_stack_observers = .)
 *(SORT_BY_NAME(.sdh_stack_observers*))
 .sdh_stack_observers0
                0x000000000002dc0c        0x8 _build/nrf52840_xxaa/nrf_sdh_ble.c.o
 .sdh_stack_observers0
                0x000000000002dc14        0x8 _build/nrf52840_xxaa/nrf_sdh_soc.c.o
                0x000000000002dc1c                PROVIDE (__stop_sdh_stack_observers = .)

.nrf_queue      0x000000000002dc1c        0x0
                [!provide]                        PROVIDE (__start_nrf_queue = .)
 *(.nrf_queue)
                [!provide]                        PROVIDE (__stop_nrf_queue = .)

.nrf_balloc     0x000000000002dc1c       0x14
                [!provide]                        PROVIDE (__start_nrf_balloc = .)
 *(.nrf_balloc)
 .nrf_balloc    0x000000000002dc1c       0x14 _build/nrf52840_xxaa/nrf_log_frontend.c.o
                0x000000000002dc1c                log_mempool
                [!provide]                        PROVIDE (__stop_nrf_balloc = .)

.cli_command    0x000000000002dc30        0x0
                [!provide]                        PROVIDE (__start_cli_command = .)
 *(.cli_command)
                [!provide]                        PROVIDE (__stop_cli_command = .)

.crypto_data    0x000000000002dc30        0x0
                [!provide]                        PROVIDE (__start_crypto_data = .)
 *(SORT_BY_NAME(.crypto_data*))
                [!provide]                        PROVIDE (__stop_crypto_data = .)

.log_const_data
                0x000000000002dc30       0x78
                0x000000000002dc30                PROVIDE (__start_log_const_data = .)
 *(SORT_BY_NAME(.log_const_data*))
 .log_const_data_CLOCK
                0x000000000002dc30        0x8 _build/nrf52840_xxaa/nrfx_clock.c.o
                0x000000000002dc30                m_nrf_log_CLOCK_logs_data_const
 .log_const_data_GPIOTE
                0x000000000002dc38        0x8 _build/nrf52840_xxaa/nrfx_gpiote.c.o
                0x000000000002dc38                m_nrf_log_GPIOTE_logs_data_const
 .log_const_data_PRS
                0x000000000002dc40        0x8 _build/nrf52840_xxaa/nrfx_prs.c.o
                0x000000000002dc40                m_nrf_log_PRS_logs_data_const
 .log_const_data_UART
                0x000000000002dc48        0x8 _build/nrf52840_xxaa/nrfx_uart.c.o
                0x000000000002dc48                m_nrf_log_UART_logs_data_const
 .log_const_data_UARTE
                0x000000000002dc50        0x8 _build/nrf52840_xxaa/nrfx_uarte.c.o
                0x000000000002dc50                m_nrf_log_UARTE_logs_data_const
 .log_const_data_app
                0x000000000002dc58        0x8 _build/nrf52840_xxaa/nrf_log_frontend.c.o
                0x000000000002dc58                m_nrf_log_app_logs_data_const
 .log_const_data_app_button
                0x000000000002dc60        0x8 _build/nrf52840_xxaa/app_button.c.o
                0x000000000002dc60                m_nrf_log_app_button_logs_data_const
 .log_const_data_app_timer
                0x000000000002dc68        0x8 _build/nrf52840_xxaa/app_timer2.c.o
                0x000000000002dc68                m_nrf_log_app_timer_logs_data_const
 .log_const_data_clock
                0x000000000002dc70        0x8 _build/nrf52840_xxaa/nrf_drv_clock.c.o
                0x000000000002dc70                m_nrf_log_clock_logs_data_const
 .log_const_data_nrf_ble_gatt
                0x000000000002dc78        0x8 _build/nrf52840_xxaa/nrf_ble_gatt.c.o
                0x000000000002dc78                m_nrf_log_nrf_ble_gatt_logs_data_const
 .log_const_data_nrf_sdh
                0x000000000002dc80        0x8 _build/nrf52840_xxaa/nrf_sdh.c.o
                0x000000000002dc80                m_nrf_log_nrf_sdh_logs_data_const
 .log_const_data_nrf_sdh_ble
                0x000000000002dc88        0x8 _build/nrf52840_xxaa/nrf_sdh_ble.c.o
                0x000000000002dc88                m_nrf_log_nrf_sdh_ble_logs_data_const
 .log_const_data_nrf_sdh_soc
                0x000000000002dc90        0x8 _build/nrf52840_xxaa/nrf_sdh_soc.c.o
                0x000000000002dc90                m_nrf_log_nrf_sdh_soc_logs_data_const
 .log_const_data_pwr_mgmt
                0x000000000002dc98        0x8 _build/nrf52840_xxaa/nrf_pwr_mgmt.c.o
                0x000000000002dc98                m_nrf_log_pwr_mgmt_logs_data_const
 .log_const_data_sortlist
                0x000000000002dca0        0x8 _build/nrf52840_xxaa/nrf_sortlist.c.o
                0x000000000002dca0                m_nrf_log_sortlist_logs_data_const
                0x000000000002dca8                PROVIDE (__stop_log_const_data = .)

.log_backends   0x000000000002dca8       0x10
                [!provide]                        PROVIDE (__start_log_backends = .)
 *(SORT_BY_NAME(.log_backends*))
 .log_backends  0x000000000002dca8       0x10 _build/nrf52840_xxaa/nrf_log_default_backends.c.o
                [!provide]                        PROVIDE (__stop_log_backends = .)

.ARM.extab
 *(.ARM.extab* .gnu.linkonce.armextab.*)
                0x000000000002dcb8                __exidx_start = .

.ARM.exidx      0x000000000002dcb8        0x8
 *(.ARM.exidx* .gnu.linkonce.armexidx.*)
 .ARM.exidx     0x000000000002dcb8        0x8 /usr/local/Cellar/arm-none-eabi-gcc/9-2019-q4-major/gcc/bin/../lib/gcc/arm-none-eabi/9.2.1/../../../../arm-none-eabi/lib/thumb/v7e-m+fp/hard/crt0.o
                0x000000000002dcc0                __exidx_end = .

.rel.dyn        0x000000000002dcc0        0x0
 .rel.iplt      0x000000000002dcc0        0x0 /usr/local/Cellar/arm-none-eabi-gcc/9-2019-q4-major/gcc/bin/../lib/gcc/arm-none-eabi/9.2.1/thumb/v7e-m+fp/hard/crtbegin.o
                0x000000000002dcc0                . = ALIGN (0x4)
                0x000000000002dcc0                __etext = .

.data           0x0000000020002300       0xac load address 0x000000000002dcc0
                0x0000000020002300                __data_start__ = .
 *(vtable)
 *(.data*)
 .data.m_uart   0x0000000020002300       0x14 _build/nrf52840_xxaa/nrf_log_backend_uart.c.o
                0x0000000020002300                m_uart
 .data.log_backend_cb_uart_log_backend
                0x0000000020002314        0x8 _build/nrf52840_xxaa/nrf_log_default_backends.c.o
 .data.m_rtc_inst
                0x000000002000231c        0x8 _build/nrf52840_xxaa/app_timer2.c.o
 .data.SystemCoreClock
                0x0000000020002324        0x4 _build/nrf52840_xxaa/system_nrf52840.c.o
                0x0000000020002324                SystemCoreClock
 .data.buttons.11867
                0x0000000020002328        0x8 _build/nrf52840_xxaa/main.c.o
 .data.m_adv_data
                0x0000000020002330       0x10 _build/nrf52840_xxaa/main.c.o
 .data.m_adv_handle
                0x0000000020002340        0x1 _build/nrf52840_xxaa/main.c.o
 *fill*         0x0000000020002341        0x1 
 .data.m_conn_handle
                0x0000000020002342        0x2 _build/nrf52840_xxaa/main.c.o
 .data.impure_data
                0x0000000020002344       0x60 /usr/local/Cellar/arm-none-eabi-gcc/9-2019-q4-major/gcc/bin/../lib/gcc/arm-none-eabi/9.2.1/../../../../arm-none-eabi/lib/thumb/v7e-m+fp/hard/libc_nano.a(lib_a-impure.o)
                0x00000000200023a4                . = ALIGN (0x4)
                0x00000000200023a4                PROVIDE (__preinit_array_start = .)
 *(.preinit_array)
                0x00000000200023a4                PROVIDE (__preinit_array_end = .)
                0x00000000200023a4                . = ALIGN (0x4)
                0x00000000200023a4                PROVIDE (__init_array_start = .)
 *(SORT_BY_NAME(.init_array.*))
 *(.init_array)
 .init_array    0x00000000200023a4        0x4 /usr/local/Cellar/arm-none-eabi-gcc/9-2019-q4-major/gcc/bin/../lib/gcc/arm-none-eabi/9.2.1/thumb/v7e-m+fp/hard/crtbegin.o
                0x00000000200023a8                PROVIDE (__init_array_end = .)
                0x00000000200023a8                . = ALIGN (0x4)
                [!provide]                        PROVIDE (__fini_array_start = .)
 *(SORT_BY_NAME(.fini_array.*))
 *(.fini_array)
 .fini_array    0x00000000200023a8        0x4 /usr/local/Cellar/arm-none-eabi-gcc/9-2019-q4-major/gcc/bin/../lib/gcc/arm-none-eabi/9.2.1/thumb/v7e-m+fp/hard/crtbegin.o
                [!provide]                        PROVIDE (__fini_array_end = .)
 *(.jcr*)
                0x00000000200023ac                . = ALIGN (0x4)
                0x00000000200023ac                __data_end__ = .
LOAD /usr/local/Cellar/arm-none-eabi-gcc/9-2019-q4-major/gcc/bin/../lib/gcc/arm-none-eabi/9.2.1/thumb/v7e-m+fp/hard/crti.o
LOAD /usr/local/Cellar/arm-none-eabi-gcc/9-2019-q4-major/gcc/bin/../lib/gcc/arm-none-eabi/9.2.1/thumb/v7e-m+fp/hard/crtbegin.o
LOAD /usr/local/Cellar/arm-none-eabi-gcc/9-2019-q4-major/gcc/bin/../lib/gcc/arm-none-eabi/9.2.1/../../../../arm-none-eabi/lib/thumb/v7e-m+fp/hard/crt0.o
LOAD _build/nrf52840_xxaa/gcc_startup_nrf52840.S.o
LOAD _build/nrf52840_xxaa/nrf_log_backend_rtt.c.o
LOAD _build/nrf52840_xxaa/nrf_log_backend_serial.c.o
LOAD _build/nrf52840_xxaa/nrf_log_backend_uart.c.o
LOAD _build/nrf52840_xxaa/nrf_log_default_backends.c.o
LOAD _build/nrf52840_xxaa/nrf_log_frontend.c.o
LOAD _build/nrf52840_xxaa/nrf_log_str_formatter.c.o
LOAD _build/nrf52840_xxaa/app_button.c.o
LOAD _build/nrf52840_xxaa/app_error.c.o
LOAD _build/nrf52840_xxaa/app_error_handler_gcc.c.o
LOAD _build/nrf52840_xxaa/app_error_weak.c.o
LOAD _build/nrf52840_xxaa/app_scheduler.c.o
LOAD _build/nrf52840_xxaa/app_timer2.c.o
LOAD _build/nrf52840_xxaa/app_util_platform.c.o
LOAD _build/nrf52840_xxaa/drv_rtc.c.o
LOAD _build/nrf52840_xxaa/hardfault_implementation.c.o
LOAD _build/nrf52840_xxaa/nrf_assert.c.o
LOAD _build/nrf52840_xxaa/nrf_atfifo.c.o
LOAD _build/nrf52840_xxaa/nrf_atflags.c.o
LOAD _build/nrf52840_xxaa/nrf_atomic.c.o
LOAD _build/nrf52840_xxaa/nrf_balloc.c.o
LOAD _build/nrf52840_xxaa/nrf_fprintf.c.o
LOAD _build/nrf52840_xxaa/nrf_fprintf_format.c.o
LOAD _build/nrf52840_xxaa/nrf_memobj.c.o
LOAD _build/nrf52840_xxaa/nrf_pwr_mgmt.c.o
LOAD _build/nrf52840_xxaa/nrf_ringbuf.c.o
LOAD _build/nrf52840_xxaa/nrf_section_iter.c.o
LOAD _build/nrf52840_xxaa/nrf_sortlist.c.o
LOAD _build/nrf52840_xxaa/nrf_strerror.c.o
LOAD _build/nrf52840_xxaa/system_nrf52840.c.o
LOAD _build/nrf52840_xxaa/boards.c.o
LOAD _build/nrf52840_xxaa/nrf_drv_clock.c.o
LOAD _build/nrf52840_xxaa/nrf_drv_uart.c.o
LOAD _build/nrf52840_xxaa/nrfx_atomic.c.o
LOAD _build/nrf52840_xxaa/nrfx_clock.c.o
LOAD _build/nrf52840_xxaa/nrfx_gpiote.c.o
LOAD _build/nrf52840_xxaa/nrfx_prs.c.o
LOAD _build/nrf52840_xxaa/nrfx_uart.c.o
LOAD _build/nrf52840_xxaa/nrfx_uarte.c.o
LOAD _build/nrf52840_xxaa/main.c.o
LOAD _build/nrf52840_xxaa/SEGGER_RTT.c.o
LOAD _build/nrf52840_xxaa/SEGGER_RTT_Syscalls_GCC.c.o
LOAD _build/nrf52840_xxaa/SEGGER_RTT_printf.c.o
LOAD _build/nrf52840_xxaa/ble_advdata.c.o
LOAD _build/nrf52840_xxaa/ble_conn_params.c.o
LOAD _build/nrf52840_xxaa/ble_conn_state.c.o
LOAD _build/nrf52840_xxaa/ble_srv_common.c.o
LOAD _build/nrf52840_xxaa/nrf_ble_gatt.c.o
LOAD _build/nrf52840_xxaa/nrf_ble_qwr.c.o
LOAD _build/nrf52840_xxaa/utf.c.o
LOAD _build/nrf52840_xxaa/ble_lbs.c.o
LOAD _build/nrf52840_xxaa/nrf_sdh.c.o
LOAD _build/nrf52840_xxaa/nrf_sdh_ble.c.o
LOAD _build/nrf52840_xxaa/nrf_sdh_soc.c.o
LOAD /usr/local/Cellar/arm-none-eabi-gcc/9-2019-q4-major/gcc/bin/../lib/gcc/arm-none-eabi/9.2.1/../../../../arm-none-eabi/lib/thumb/v7e-m+fp/hard/libc_nano.a
LOAD /usr/local/Cellar/arm-none-eabi-gcc/9-2019-q4-major/gcc/bin/../lib/gcc/arm-none-eabi/9.2.1/../../../../arm-none-eabi/lib/thumb/v7e-m+fp/hard/libnosys.a
LOAD /usr/local/Cellar/arm-none-eabi-gcc/9-2019-q4-major/gcc/bin/../lib/gcc/arm-none-eabi/9.2.1/../../../../arm-none-eabi/lib/thumb/v7e-m+fp/hard/libm.a
START GROUP
LOAD /usr/local/Cellar/arm-none-eabi-gcc/9-2019-q4-major/gcc/bin/../lib/gcc/arm-none-eabi/9.2.1/thumb/v7e-m+fp/hard/libgcc.a
LOAD /usr/local/Cellar/arm-none-eabi-gcc/9-2019-q4-major/gcc/bin/../lib/gcc/arm-none-eabi/9.2.1/../../../../arm-none-eabi/lib/thumb/v7e-m+fp/hard/libg_nano.a
LOAD /usr/local/Cellar/arm-none-eabi-gcc/9-2019-q4-major/gcc/bin/../lib/gcc/arm-none-eabi/9.2.1/../../../../arm-none-eabi/lib/thumb/v7e-m+fp/hard/libc_nano.a
END GROUP
START GROUP
LOAD /usr/local/Cellar/arm-none-eabi-gcc/9-2019-q4-major/gcc/bin/../lib/gcc/arm-none-eabi/9.2.1/thumb/v7e-m+fp/hard/libgcc.a
LOAD /usr/local/Cellar/arm-none-eabi-gcc/9-2019-q4-major/gcc/bin/../lib/gcc/arm-none-eabi/9.2.1/../../../../arm-none-eabi/lib/thumb/v7e-m+fp/hard/libc_nano.a
END GROUP
LOAD /usr/local/Cellar/arm-none-eabi-gcc/9-2019-q4-major/gcc/bin/../lib/gcc/arm-none-eabi/9.2.1/thumb/v7e-m+fp/hard/crtend.o
LOAD /usr/local/Cellar/arm-none-eabi-gcc/9-2019-q4-major/gcc/bin/../lib/gcc/arm-none-eabi/9.2.1/thumb/v7e-m+fp/hard/crtn.o
START GROUP
LOAD /usr/local/Cellar/arm-none-eabi-gcc/9-2019-q4-major/gcc/bin/../lib/gcc/arm-none-eabi/9.2.1/thumb/v7e-m+fp/hard/libgcc.a
LOAD /usr/local/Cellar/arm-none-eabi-gcc/9-2019-q4-major/gcc/bin/../lib/gcc/arm-none-eabi/9.2.1/../../../../arm-none-eabi/lib/thumb/v7e-m+fp/hard/libc.a
LOAD /usr/local/Cellar/arm-none-eabi-gcc/9-2019-q4-major/gcc/bin/../lib/gcc/arm-none-eabi/9.2.1/../../../../arm-none-eabi/lib/thumb/v7e-m+fp/hard/libnosys.a
END GROUP

.igot.plt       0x00000000200023ac        0x0 load address 0x000000000002dd6c
 .igot.plt      0x00000000200023ac        0x0 /usr/local/Cellar/arm-none-eabi-gcc/9-2019-q4-major/gcc/bin/../lib/gcc/arm-none-eabi/9.2.1/thumb/v7e-m+fp/hard/crtbegin.o
                0x00000000200023ac                . = ALIGN (0x4)

.mem_section_dummy_ram

.cli_sorted_cmd_ptrs
                0x00000000200023ac        0x0
                [!provide]                        PROVIDE (__start_cli_sorted_cmd_ptrs = .)
 *(.cli_sorted_cmd_ptrs)
                [!provide]                        PROVIDE (__stop_cli_sorted_cmd_ptrs = .)

.fs_data        0x00000000200023ac        0x0
                [!provide]                        PROVIDE (__start_fs_data = .)
 *(.fs_data)
                [!provide]                        PROVIDE (__stop_fs_data = .)

.log_dynamic_data
                0x00000000200023ac        0x0
                0x00000000200023ac                PROVIDE (__start_log_dynamic_data = .)
 *(SORT_BY_NAME(.log_dynamic_data*))
                [!provide]                        PROVIDE (__stop_log_dynamic_data = .)

.log_filter_data
                0x00000000200023ac        0x0
                [!provide]                        PROVIDE (__start_log_filter_data = .)
 *(SORT_BY_NAME(.log_filter_data*))
                [!provide]                        PROVIDE (__stop_log_filter_data = .)

.bss            0x00000000200023b0      0x948 load address 0x000000000002dd70
                0x00000000200023b0                . = ALIGN (0x4)
                0x00000000200023b0                __bss_start__ = .
 *(.bss*)
 .bss           0x00000000200023b0       0x1c /usr/local/Cellar/arm-none-eabi-gcc/9-2019-q4-major/gcc/bin/../lib/gcc/arm-none-eabi/9.2.1/thumb/v7e-m+fp/hard/crtbegin.o
 .bss.m_async_mode
                0x00000000200023cc        0x1 _build/nrf52840_xxaa/nrf_log_backend_uart.c.o
 *fill*         0x00000000200023cd        0x3 
 .bss.m_string_buff
                0x00000000200023d0       0x40 _build/nrf52840_xxaa/nrf_log_backend_uart.c.o
 .bss.m_xfer_done
                0x0000000020002410        0x1 _build/nrf52840_xxaa/nrf_log_backend_uart.c.o
 *fill*         0x0000000020002411        0x3 
 .bss.log_mempool_nrf_balloc_cb
                0x0000000020002414        0x8 _build/nrf52840_xxaa/nrf_log_frontend.c.o
 .bss.log_mempool_nrf_balloc_pool_mem
                0x000000002000241c       0xc0 _build/nrf52840_xxaa/nrf_log_frontend.c.o
 .bss.log_mempool_nrf_balloc_pool_stack
                0x00000000200024dc        0x8 _build/nrf52840_xxaa/nrf_log_frontend.c.o
 .bss.m_log_data
                0x00000000200024e4      0x420 _build/nrf52840_xxaa/nrf_log_frontend.c.o
 .bss.m_log_push_ringbuf_buf
                0x0000000020002904       0x80 _build/nrf52840_xxaa/nrf_log_frontend.c.o
 .bss.m_log_push_ringbuf_cb
                0x0000000020002984       0x18 _build/nrf52840_xxaa/nrf_log_frontend.c.o
 .bss.m_button_count
                0x000000002000299c        0x1 _build/nrf52840_xxaa/app_button.c.o
 *fill*         0x000000002000299d        0x3 
 .bss.m_detection_delay
                0x00000000200029a0        0x4 _build/nrf52840_xxaa/app_button.c.o
 *fill*         0x00000000200029a4        0x4 
 .bss.m_detection_delay_timer_id_data
                0x00000000200029a8       0x20 _build/nrf52840_xxaa/app_button.c.o
 .bss.m_pin_active
                0x00000000200029c8        0x8 _build/nrf52840_xxaa/app_button.c.o
 .bss.m_pin_states
                0x00000000200029d0       0x20 _build/nrf52840_xxaa/app_button.c.o
 .bss.mp_buttons
                0x00000000200029f0        0x4 _build/nrf52840_xxaa/app_button.c.o
 .bss.m_app_timer_sortlist_sortlist_cb
                0x00000000200029f4        0x4 _build/nrf52840_xxaa/app_timer2.c.o
 .bss.m_base_counter
                0x00000000200029f8        0x8 _build/nrf52840_xxaa/app_timer2.c.o
 .bss.m_global_active
                0x0000000020002a00        0x1 _build/nrf52840_xxaa/app_timer2.c.o
 *fill*         0x0000000020002a01        0x3 
 .bss.m_req_fifo_data
                0x0000000020002a04       0x58 _build/nrf52840_xxaa/app_timer2.c.o
 .bss.m_req_fifo_inst
                0x0000000020002a5c       0x10 _build/nrf52840_xxaa/app_timer2.c.o
 *fill*         0x0000000020002a6c        0x4 
 .bss.m_stamp64
                0x0000000020002a70        0x8 _build/nrf52840_xxaa/app_timer2.c.o
 .bss.mp_active_timer
                0x0000000020002a78        0x4 _build/nrf52840_xxaa/app_timer2.c.o
 .bss.m_cb      0x0000000020002a7c        0x8 _build/nrf52840_xxaa/drv_rtc.c.o
 .bss.m_handlers
                0x0000000020002a84        0x4 _build/nrf52840_xxaa/drv_rtc.c.o
 .bss.m_handlers_iter
                0x0000000020002a88        0x8 _build/nrf52840_xxaa/nrf_pwr_mgmt.c.o
 .bss.m_shutdown_started
                0x0000000020002a90        0x1 _build/nrf52840_xxaa/nrf_pwr_mgmt.c.o
 *fill*         0x0000000020002a91        0x3 
 .bss.m_sysoff_mtx
                0x0000000020002a94        0x4 _build/nrf52840_xxaa/nrf_pwr_mgmt.c.o
 .bss.m_clock_cb
                0x0000000020002a98       0x14 _build/nrf52840_xxaa/nrf_drv_clock.c.o
 .bss.m_contexts
                0x0000000020002aac        0x8 _build/nrf52840_xxaa/nrf_drv_uart.c.o
 .bss.m_handlers
                0x0000000020002ab4        0x8 _build/nrf52840_xxaa/nrf_drv_uart.c.o
 .bss.m_clock_cb
                0x0000000020002abc        0x8 _build/nrf52840_xxaa/nrfx_clock.c.o
 *fill*         0x0000000020002ac4        0x4 
 .bss.m_cb      0x0000000020002ac8       0x6c _build/nrf52840_xxaa/nrfx_gpiote.c.o
 .bss.m_prs_box_4
                0x0000000020002b34        0x8 _build/nrf52840_xxaa/nrfx_prs.c.o
 *fill*         0x0000000020002b3c        0x4 
 .bss.m_cb      0x0000000020002b40       0x2c _build/nrf52840_xxaa/nrfx_uart.c.o
 *fill*         0x0000000020002b6c        0x4 
 .bss.m_cb      0x0000000020002b70       0x24 _build/nrf52840_xxaa/nrfx_uarte.c.o
 .bss.m_enc_advdata
                0x0000000020002b94       0x1f _build/nrf52840_xxaa/main.c.o
 *fill*         0x0000000020002bb3        0x1 
 .bss.m_enc_scan_response_data
                0x0000000020002bb4       0x1f _build/nrf52840_xxaa/main.c.o
 *fill*         0x0000000020002bd3        0x1 
 .bss.m_gatt    0x0000000020002bd4       0x14 _build/nrf52840_xxaa/main.c.o
 .bss.m_lbs     0x0000000020002be8       0x18 _build/nrf52840_xxaa/main.c.o
 .bss.m_qwr     0x0000000020002c00        0xc _build/nrf52840_xxaa/main.c.o
 .bss.m_conn_params_config
                0x0000000020002c0c       0x1c _build/nrf52840_xxaa/ble_conn_params.c.o
 .bss.m_conn_params_instances
                0x0000000020002c28       0x14 _build/nrf52840_xxaa/ble_conn_params.c.o
 .bss.m_preferred_conn_params
                0x0000000020002c3c        0x8 _build/nrf52840_xxaa/ble_conn_params.c.o
 *fill*         0x0000000020002c44        0x4 
 .bss.m_timer_data
                0x0000000020002c48       0x20 _build/nrf52840_xxaa/ble_conn_params.c.o
 .bss.m_bcs     0x0000000020002c68       0x7c _build/nrf52840_xxaa/ble_conn_state.c.o
 .bss.m_nrf_sdh_continue
                0x0000000020002ce4        0x1 _build/nrf52840_xxaa/nrf_sdh.c.o
 .bss.m_nrf_sdh_enabled
                0x0000000020002ce5        0x1 _build/nrf52840_xxaa/nrf_sdh.c.o
 .bss.m_nrf_sdh_suspended
                0x0000000020002ce6        0x1 _build/nrf52840_xxaa/nrf_sdh.c.o
 .bss.m_stack_is_enabled
                0x0000000020002ce7        0x1 _build/nrf52840_xxaa/nrf_sdh_ble.c.o
 *(COMMON)
 COMMON         0x0000000020002ce8        0xc _build/nrf52840_xxaa/app_util_platform.c.o
                0x0000000020002ce8                nrf_nvic_state
 COMMON         0x0000000020002cf4        0x2 _build/nrf52840_xxaa/nrf_drv_uart.c.o
                0x0000000020002cf4                nrf_drv_uart_use_easy_dma
                0x0000000020002cf8                . = ALIGN (0x4)
 *fill*         0x0000000020002cf6        0x2 
                0x0000000020002cf8                __bss_end__ = .

.heap           0x0000000020002cf8     0x2000
                0x0000000020002cf8                __HeapBase = .
                0x0000000020002cf8                __end__ = .
                [!provide]                        PROVIDE (end = .)
 *(.heap*)
 .heap          0x0000000020002cf8     0x2000 _build/nrf52840_xxaa/gcc_startup_nrf52840.S.o
                0x0000000020004cf8                __HeapLimit = .

.stack_dummy    0x0000000020002cf8     0x2000
 *(.stack*)
 .stack         0x0000000020002cf8     0x2000 _build/nrf52840_xxaa/gcc_startup_nrf52840.S.o
                0x0000000020040000                __StackTop = (ORIGIN (RAM) + LENGTH (RAM))
                0x000000002003e000                __StackLimit = (__StackTop - SIZEOF (.stack_dummy))
                0x0000000020040000                PROVIDE (__stack = __StackTop)
                0x0000000000000001                ASSERT ((__StackLimit >= __HeapLimit), region RAM overflowed with stack)
                0x00000000000000b0                DataInitFlashUsed = (__bss_start__ - __data_start__)
                0x0000000000006cc0                CodeFlashUsed = (__etext - ORIGIN (FLASH))
                0x0000000000006d70                TotalFlashUsed = (CodeFlashUsed + DataInitFlashUsed)
                0x0000000000000001                ASSERT ((TotalFlashUsed <= LENGTH (FLASH)), region FLASH overflowed with .data and user data)
OUTPUT(_build/nrf52840_xxaa.out elf32-littlearm)

.ARM.attributes
                0x0000000000000000       0x30
 .ARM.attributes
                0x0000000000000000       0x1e /usr/local/Cellar/arm-none-eabi-gcc/9-2019-q4-major/gcc/bin/../lib/gcc/arm-none-eabi/9.2.1/thumb/v7e-m+fp/hard/crti.o
 .ARM.attributes
                0x000000000000001e       0x34 /usr/local/Cellar/arm-none-eabi-gcc/9-2019-q4-major/gcc/bin/../lib/gcc/arm-none-eabi/9.2.1/thumb/v7e-m+fp/hard/crtbegin.o
 .ARM.attributes
                0x0000000000000052       0x1c /usr/local/Cellar/arm-none-eabi-gcc/9-2019-q4-major/gcc/bin/../lib/gcc/arm-none-eabi/9.2.1/../../../../arm-none-eabi/lib/thumb/v7e-m+fp/hard/crt0.o
 .ARM.attributes
                0x000000000000006e       0x20 _build/nrf52840_xxaa/gcc_startup_nrf52840.S.o
 .ARM.attributes
                0x000000000000008e       0x34 _build/nrf52840_xxaa/nrf_log_backend_serial.c.o
 .ARM.attributes
                0x00000000000000c2       0x34 _build/nrf52840_xxaa/nrf_log_backend_uart.c.o
 .ARM.attributes
                0x00000000000000f6       0x34 _build/nrf52840_xxaa/nrf_log_default_backends.c.o
 .ARM.attributes
                0x000000000000012a       0x34 _build/nrf52840_xxaa/nrf_log_frontend.c.o
 .ARM.attributes
                0x000000000000015e       0x34 _build/nrf52840_xxaa/nrf_log_str_formatter.c.o
 .ARM.attributes
                0x0000000000000192       0x34 _build/nrf52840_xxaa/app_button.c.o
 .ARM.attributes
                0x00000000000001c6       0x34 _build/nrf52840_xxaa/app_error.c.o
 .ARM.attributes
                0x00000000000001fa       0x34 _build/nrf52840_xxaa/app_error_weak.c.o
 .ARM.attributes
                0x000000000000022e       0x34 _build/nrf52840_xxaa/app_timer2.c.o
 .ARM.attributes
                0x0000000000000262       0x34 _build/nrf52840_xxaa/app_util_platform.c.o
 .ARM.attributes
                0x0000000000000296       0x34 _build/nrf52840_xxaa/drv_rtc.c.o
 .ARM.attributes
                0x00000000000002ca       0x34 _build/nrf52840_xxaa/nrf_atfifo.c.o
 .ARM.attributes
                0x00000000000002fe       0x34 _build/nrf52840_xxaa/nrf_atflags.c.o
 .ARM.attributes
                0x0000000000000332       0x34 _build/nrf52840_xxaa/nrf_atomic.c.o
 .ARM.attributes
                0x0000000000000366       0x34 _build/nrf52840_xxaa/nrf_balloc.c.o
 .ARM.attributes
                0x000000000000039a       0x34 _build/nrf52840_xxaa/nrf_fprintf.c.o
 .ARM.attributes
                0x00000000000003ce       0x34 _build/nrf52840_xxaa/nrf_fprintf_format.c.o
 .ARM.attributes
                0x0000000000000402       0x34 _build/nrf52840_xxaa/nrf_memobj.c.o
 .ARM.attributes
                0x0000000000000436       0x34 _build/nrf52840_xxaa/nrf_pwr_mgmt.c.o
 .ARM.attributes
                0x000000000000046a       0x34 _build/nrf52840_xxaa/nrf_ringbuf.c.o
 .ARM.attributes
                0x000000000000049e       0x34 _build/nrf52840_xxaa/nrf_section_iter.c.o
 .ARM.attributes
                0x00000000000004d2       0x34 _build/nrf52840_xxaa/nrf_sortlist.c.o
 .ARM.attributes
                0x0000000000000506       0x34 _build/nrf52840_xxaa/nrf_strerror.c.o
 .ARM.attributes
                0x000000000000053a       0x34 _build/nrf52840_xxaa/system_nrf52840.c.o
 .ARM.attributes
                0x000000000000056e       0x34 _build/nrf52840_xxaa/boards.c.o
 .ARM.attributes
                0x00000000000005a2       0x34 _build/nrf52840_xxaa/nrf_drv_clock.c.o
 .ARM.attributes
                0x00000000000005d6       0x34 _build/nrf52840_xxaa/nrf_drv_uart.c.o
 .ARM.attributes
                0x000000000000060a       0x34 _build/nrf52840_xxaa/nrfx_clock.c.o
 .ARM.attributes
                0x000000000000063e       0x34 _build/nrf52840_xxaa/nrfx_gpiote.c.o
 .ARM.attributes
                0x0000000000000672       0x34 _build/nrf52840_xxaa/nrfx_prs.c.o
 .ARM.attributes
                0x00000000000006a6       0x34 _build/nrf52840_xxaa/nrfx_uart.c.o
 .ARM.attributes
                0x00000000000006da       0x34 _build/nrf52840_xxaa/nrfx_uarte.c.o
 .ARM.attributes
                0x000000000000070e       0x34 _build/nrf52840_xxaa/main.c.o
 .ARM.attributes
                0x0000000000000742       0x34 _build/nrf52840_xxaa/ble_advdata.c.o
 .ARM.attributes
                0x0000000000000776       0x34 _build/nrf52840_xxaa/ble_conn_params.c.o
 .ARM.attributes
                0x00000000000007aa       0x34 _build/nrf52840_xxaa/ble_conn_state.c.o
 .ARM.attributes
                0x00000000000007de       0x34 _build/nrf52840_xxaa/ble_srv_common.c.o
 .ARM.attributes
                0x0000000000000812       0x34 _build/nrf52840_xxaa/nrf_ble_gatt.c.o
 .ARM.attributes
                0x0000000000000846       0x34 _build/nrf52840_xxaa/nrf_ble_qwr.c.o
 .ARM.attributes
                0x000000000000087a       0x34 _build/nrf52840_xxaa/ble_lbs.c.o
 .ARM.attributes
                0x00000000000008ae       0x34 _build/nrf52840_xxaa/nrf_sdh.c.o
 .ARM.attributes
                0x00000000000008e2       0x34 _build/nrf52840_xxaa/nrf_sdh_ble.c.o
 .ARM.attributes
                0x0000000000000916       0x34 _build/nrf52840_xxaa/nrf_sdh_soc.c.o
 .ARM.attributes
                0x000000000000094a       0x32 /usr/local/Cellar/arm-none-eabi-gcc/9-2019-q4-major/gcc/bin/../lib/gcc/arm-none-eabi/9.2.1/../../../../arm-none-eabi/lib/thumb/v7e-m+fp/hard/libc_nano.a(lib_a-ctype_.o)
 .ARM.attributes
                0x000000000000097c       0x34 /usr/local/Cellar/arm-none-eabi-gcc/9-2019-q4-major/gcc/bin/../lib/gcc/arm-none-eabi/9.2.1/../../../../arm-none-eabi/lib/thumb/v7e-m+fp/hard/libc_nano.a(lib_a-exit.o)
 .ARM.attributes
                0x00000000000009b0       0x32 /usr/local/Cellar/arm-none-eabi-gcc/9-2019-q4-major/gcc/bin/../lib/gcc/arm-none-eabi/9.2.1/../../../../arm-none-eabi/lib/thumb/v7e-m+fp/hard/libc_nano.a(lib_a-impure.o)
 .ARM.attributes
                0x00000000000009e2       0x34 /usr/local/Cellar/arm-none-eabi-gcc/9-2019-q4-major/gcc/bin/../lib/gcc/arm-none-eabi/9.2.1/../../../../arm-none-eabi/lib/thumb/v7e-m+fp/hard/libc_nano.a(lib_a-init.o)
 .ARM.attributes
                0x0000000000000a16       0x34 /usr/local/Cellar/arm-none-eabi-gcc/9-2019-q4-major/gcc/bin/../lib/gcc/arm-none-eabi/9.2.1/../../../../arm-none-eabi/lib/thumb/v7e-m+fp/hard/libc_nano.a(lib_a-memcpy-stub.o)
 .ARM.attributes
                0x0000000000000a4a       0x34 /usr/local/Cellar/arm-none-eabi-gcc/9-2019-q4-major/gcc/bin/../lib/gcc/arm-none-eabi/9.2.1/../../../../arm-none-eabi/lib/thumb/v7e-m+fp/hard/libc_nano.a(lib_a-memset.o)
 .ARM.attributes
                0x0000000000000a7e       0x17 /usr/local/Cellar/arm-none-eabi-gcc/9-2019-q4-major/gcc/bin/../lib/gcc/arm-none-eabi/9.2.1/../../../../arm-none-eabi/lib/thumb/v7e-m+fp/hard/libc_nano.a(lib_a-strlen.o)
 .ARM.attributes
                0x0000000000000a95       0x34 /usr/local/Cellar/arm-none-eabi-gcc/9-2019-q4-major/gcc/bin/../lib/gcc/arm-none-eabi/9.2.1/../../../../arm-none-eabi/lib/thumb/v7e-m+fp/hard/libnosys.a(_exit.o)
 .ARM.attributes
                0x0000000000000ac9       0x32 /usr/local/Cellar/arm-none-eabi-gcc/9-2019-q4-major/gcc/bin/../lib/gcc/arm-none-eabi/9.2.1/thumb/v7e-m+fp/hard/crtend.o
 .ARM.attributes
                0x0000000000000afb       0x1e /usr/local/Cellar/arm-none-eabi-gcc/9-2019-q4-major/gcc/bin/../lib/gcc/arm-none-eabi/9.2.1/thumb/v7e-m+fp/hard/crtn.o

.comment        0x0000000000000000       0x79
 .comment       0x0000000000000000       0x79 _build/nrf52840_xxaa/nrf_log_backend_serial.c.o
                                         0x7a (size before relaxing)
 .comment       0x0000000000000079       0x7a _build/nrf52840_xxaa/nrf_log_backend_uart.c.o
 .comment       0x0000000000000079       0x7a _build/nrf52840_xxaa/nrf_log_default_backends.c.o
 .comment       0x0000000000000079       0x7a _build/nrf52840_xxaa/nrf_log_frontend.c.o
 .comment       0x0000000000000079       0x7a _build/nrf52840_xxaa/nrf_log_str_formatter.c.o
 .comment       0x0000000000000079       0x7a _build/nrf52840_xxaa/app_button.c.o
 .comment       0x0000000000000079       0x7a _build/nrf52840_xxaa/app_error.c.o
 .comment       0x0000000000000079       0x7a _build/nrf52840_xxaa/app_error_weak.c.o
 .comment       0x0000000000000079       0x7a _build/nrf52840_xxaa/app_timer2.c.o
 .comment       0x0000000000000079       0x7a _build/nrf52840_xxaa/app_util_platform.c.o
 .comment       0x0000000000000079       0x7a _build/nrf52840_xxaa/drv_rtc.c.o
 .comment       0x0000000000000079       0x7a _build/nrf52840_xxaa/nrf_atfifo.c.o
 .comment       0x0000000000000079       0x7a _build/nrf52840_xxaa/nrf_atflags.c.o
 .comment       0x0000000000000079       0x7a _build/nrf52840_xxaa/nrf_atomic.c.o
 .comment       0x0000000000000079       0x7a _build/nrf52840_xxaa/nrf_balloc.c.o
 .comment       0x0000000000000079       0x7a _build/nrf52840_xxaa/nrf_fprintf.c.o
 .comment       0x0000000000000079       0x7a _build/nrf52840_xxaa/nrf_fprintf_format.c.o
 .comment       0x0000000000000079       0x7a _build/nrf52840_xxaa/nrf_memobj.c.o
 .comment       0x0000000000000079       0x7a _build/nrf52840_xxaa/nrf_pwr_mgmt.c.o
 .comment       0x0000000000000079       0x7a _build/nrf52840_xxaa/nrf_ringbuf.c.o
 .comment       0x0000000000000079       0x7a _build/nrf52840_xxaa/nrf_section_iter.c.o
 .comment       0x0000000000000079       0x7a _build/nrf52840_xxaa/nrf_sortlist.c.o
 .comment       0x0000000000000079       0x7a _build/nrf52840_xxaa/nrf_strerror.c.o
 .comment       0x0000000000000079       0x7a _build/nrf52840_xxaa/system_nrf52840.c.o
 .comment       0x0000000000000079       0x7a _build/nrf52840_xxaa/boards.c.o
 .comment       0x0000000000000079       0x7a _build/nrf52840_xxaa/nrf_drv_clock.c.o
 .comment       0x0000000000000079       0x7a _build/nrf52840_xxaa/nrf_drv_uart.c.o
 .comment       0x0000000000000079       0x7a _build/nrf52840_xxaa/nrfx_clock.c.o
 .comment       0x0000000000000079       0x7a _build/nrf52840_xxaa/nrfx_gpiote.c.o
 .comment       0x0000000000000079       0x7a _build/nrf52840_xxaa/nrfx_prs.c.o
 .comment       0x0000000000000079       0x7a _build/nrf52840_xxaa/nrfx_uart.c.o
 .comment       0x0000000000000079       0x7a _build/nrf52840_xxaa/nrfx_uarte.c.o
 .comment       0x0000000000000079       0x7a _build/nrf52840_xxaa/main.c.o
 .comment       0x0000000000000079       0x7a _build/nrf52840_xxaa/ble_advdata.c.o
 .comment       0x0000000000000079       0x7a _build/nrf52840_xxaa/ble_conn_params.c.o
 .comment       0x0000000000000079       0x7a _build/nrf52840_xxaa/ble_conn_state.c.o
 .comment       0x0000000000000079       0x7a _build/nrf52840_xxaa/ble_srv_common.c.o
 .comment       0x0000000000000079       0x7a _build/nrf52840_xxaa/nrf_ble_gatt.c.o
 .comment       0x0000000000000079       0x7a _build/nrf52840_xxaa/nrf_ble_qwr.c.o
 .comment       0x0000000000000079       0x7a _build/nrf52840_xxaa/ble_lbs.c.o
 .comment       0x0000000000000079       0x7a _build/nrf52840_xxaa/nrf_sdh.c.o
 .comment       0x0000000000000079       0x7a _build/nrf52840_xxaa/nrf_sdh_ble.c.o
 .comment       0x0000000000000079       0x7a _build/nrf52840_xxaa/nrf_sdh_soc.c.o

.debug_line     0x0000000000000000    0x27632
 .debug_line    0x0000000000000000       0x89 _build/nrf52840_xxaa/gcc_startup_nrf52840.S.o
 .debug_line    0x0000000000000089      0x936 _build/nrf52840_xxaa/nrf_log_backend_serial.c.o
 .debug_line    0x00000000000009bf      0xc63 _build/nrf52840_xxaa/nrf_log_backend_uart.c.o
 .debug_line    0x0000000000001622      0x811 _build/nrf52840_xxaa/nrf_log_default_backends.c.o
 .debug_line    0x0000000000001e33     0x2cb2 _build/nrf52840_xxaa/nrf_log_frontend.c.o
 .debug_line    0x0000000000004ae5      0xa6d _build/nrf52840_xxaa/nrf_log_str_formatter.c.o
 .debug_line    0x0000000000005552     0x1318 _build/nrf52840_xxaa/app_button.c.o
 .debug_line    0x000000000000686a      0x5c3 _build/nrf52840_xxaa/app_error.c.o
 .debug_line    0x0000000000006e2d      0x916 _build/nrf52840_xxaa/app_error_weak.c.o
 .debug_line    0x0000000000007743     0x1229 _build/nrf52840_xxaa/app_timer2.c.o
 .debug_line    0x000000000000896c      0x807 _build/nrf52840_xxaa/app_util_platform.c.o
 .debug_line    0x0000000000009173     0x158b _build/nrf52840_xxaa/drv_rtc.c.o
 .debug_line    0x000000000000a6fe      0xae5 _build/nrf52840_xxaa/nrf_atfifo.c.o
 .debug_line    0x000000000000b1e3      0x8fa _build/nrf52840_xxaa/nrf_atflags.c.o
 .debug_line    0x000000000000badd      0x92d _build/nrf52840_xxaa/nrf_atomic.c.o
 .debug_line    0x000000000000c40a      0x95e _build/nrf52840_xxaa/nrf_balloc.c.o
 .debug_line    0x000000000000cd68      0x5e9 _build/nrf52840_xxaa/nrf_fprintf.c.o
 .debug_line    0x000000000000d351      0xfc3 _build/nrf52840_xxaa/nrf_fprintf_format.c.o
 .debug_line    0x000000000000e314      0xbf8 _build/nrf52840_xxaa/nrf_memobj.c.o
 .debug_line    0x000000000000ef0c      0xf14 _build/nrf52840_xxaa/nrf_pwr_mgmt.c.o
 .debug_line    0x000000000000fe20      0xa58 _build/nrf52840_xxaa/nrf_ringbuf.c.o
 .debug_line    0x0000000000010878      0x5ff _build/nrf52840_xxaa/nrf_section_iter.c.o
 .debug_line    0x0000000000010e77      0x7eb _build/nrf52840_xxaa/nrf_sortlist.c.o
 .debug_line    0x0000000000011662      0x650 _build/nrf52840_xxaa/nrf_strerror.c.o
 .debug_line    0x0000000000011cb2      0x7f9 _build/nrf52840_xxaa/system_nrf52840.c.o
 .debug_line    0x00000000000124ab      0xf7c _build/nrf52840_xxaa/boards.c.o
 .debug_line    0x0000000000013427     0x12c0 _build/nrf52840_xxaa/nrf_drv_clock.c.o
 .debug_line    0x00000000000146e7      0x8f9 _build/nrf52840_xxaa/nrf_drv_uart.c.o
 .debug_line    0x0000000000014fe0     0x113a _build/nrf52840_xxaa/nrfx_clock.c.o
 .debug_line    0x000000000001611a     0x318b _build/nrf52840_xxaa/nrfx_gpiote.c.o
 .debug_line    0x00000000000192a5      0x9e3 _build/nrf52840_xxaa/nrfx_prs.c.o
 .debug_line    0x0000000000019c88     0x1ff0 _build/nrf52840_xxaa/nrfx_uart.c.o
 .debug_line    0x000000000001bc78     0x1f97 _build/nrf52840_xxaa/nrfx_uarte.c.o
 .debug_line    0x000000000001dc0f     0x150c _build/nrf52840_xxaa/main.c.o
 .debug_line    0x000000000001f11b     0x1417 _build/nrf52840_xxaa/ble_advdata.c.o
 .debug_line    0x0000000000020532      0xf12 _build/nrf52840_xxaa/ble_conn_params.c.o
 .debug_line    0x0000000000021444     0x1233 _build/nrf52840_xxaa/ble_conn_state.c.o
 .debug_line    0x0000000000022677      0xb07 _build/nrf52840_xxaa/ble_srv_common.c.o
 .debug_line    0x000000000002317e      0xdb1 _build/nrf52840_xxaa/nrf_ble_gatt.c.o
 .debug_line    0x0000000000023f2f      0x8f3 _build/nrf52840_xxaa/nrf_ble_qwr.c.o
 .debug_line    0x0000000000024822      0x945 _build/nrf52840_xxaa/ble_lbs.c.o
 .debug_line    0x0000000000025167     0x10aa _build/nrf52840_xxaa/nrf_sdh.c.o
 .debug_line    0x0000000000026211      0xbda _build/nrf52840_xxaa/nrf_sdh_ble.c.o
 .debug_line    0x0000000000026deb      0x847 _build/nrf52840_xxaa/nrf_sdh_soc.c.o

.debug_info     0x0000000000000000    0x55677
 .debug_info    0x0000000000000000       0x26 _build/nrf52840_xxaa/gcc_startup_nrf52840.S.o
 .debug_info    0x0000000000000026     0x124c _build/nrf52840_xxaa/nrf_log_backend_serial.c.o
 .debug_info    0x0000000000001272     0x1cc5 _build/nrf52840_xxaa/nrf_log_backend_uart.c.o
 .debug_info    0x0000000000002f37      0xd9e _build/nrf52840_xxaa/nrf_log_default_backends.c.o
 .debug_info    0x0000000000003cd5     0x4689 _build/nrf52840_xxaa/nrf_log_frontend.c.o
 .debug_info    0x000000000000835e     0x1431 _build/nrf52840_xxaa/nrf_log_str_formatter.c.o
 .debug_info    0x000000000000978f     0x1d42 _build/nrf52840_xxaa/app_button.c.o
 .debug_info    0x000000000000b4d1      0xb94 _build/nrf52840_xxaa/app_error.c.o
 .debug_info    0x000000000000c065     0x1006 _build/nrf52840_xxaa/app_error_weak.c.o
 .debug_info    0x000000000000d06b     0x220f _build/nrf52840_xxaa/app_timer2.c.o
 .debug_info    0x000000000000f27a     0x1321 _build/nrf52840_xxaa/app_util_platform.c.o
 .debug_info    0x000000000001059b     0x2b99 _build/nrf52840_xxaa/drv_rtc.c.o
 .debug_info    0x0000000000013134     0x158b _build/nrf52840_xxaa/nrf_atfifo.c.o
 .debug_info    0x00000000000146bf     0x1019 _build/nrf52840_xxaa/nrf_atflags.c.o
 .debug_info    0x00000000000156d8     0x13e4 _build/nrf52840_xxaa/nrf_atomic.c.o
 .debug_info    0x0000000000016abc      0xea4 _build/nrf52840_xxaa/nrf_balloc.c.o
 .debug_info    0x0000000000017960      0xb51 _build/nrf52840_xxaa/nrf_fprintf.c.o
 .debug_info    0x00000000000184b1     0x157d _build/nrf52840_xxaa/nrf_fprintf_format.c.o
 .debug_info    0x0000000000019a2e     0x161b _build/nrf52840_xxaa/nrf_memobj.c.o
 .debug_info    0x000000000001b049     0x1e56 _build/nrf52840_xxaa/nrf_pwr_mgmt.c.o
 .debug_info    0x000000000001ce9f      0xf8b _build/nrf52840_xxaa/nrf_ringbuf.c.o
 .debug_info    0x000000000001de2a      0xac1 _build/nrf52840_xxaa/nrf_section_iter.c.o
 .debug_info    0x000000000001e8eb      0xd6d _build/nrf52840_xxaa/nrf_sortlist.c.o
 .debug_info    0x000000000001f658      0xb76 _build/nrf52840_xxaa/nrf_strerror.c.o
 .debug_info    0x00000000000201ce     0x16e5 _build/nrf52840_xxaa/system_nrf52840.c.o
 .debug_info    0x00000000000218b3     0x1847 _build/nrf52840_xxaa/boards.c.o
 .debug_info    0x00000000000230fa     0x230a _build/nrf52840_xxaa/nrf_drv_clock.c.o
 .debug_info    0x0000000000025404     0x1b27 _build/nrf52840_xxaa/nrf_drv_uart.c.o
 .debug_info    0x0000000000026f2b     0x1e88 _build/nrf52840_xxaa/nrfx_clock.c.o
 .debug_info    0x0000000000028db3     0x46d1 _build/nrf52840_xxaa/nrfx_gpiote.c.o
 .debug_info    0x000000000002d484     0x1200 _build/nrf52840_xxaa/nrfx_prs.c.o
 .debug_info    0x000000000002e684     0x430d _build/nrf52840_xxaa/nrfx_uart.c.o
 .debug_info    0x0000000000032991     0x429b _build/nrf52840_xxaa/nrfx_uarte.c.o
 .debug_info    0x0000000000036c2c     0x492b _build/nrf52840_xxaa/main.c.o
 .debug_info    0x000000000003b557     0x2948 _build/nrf52840_xxaa/ble_advdata.c.o
 .debug_info    0x000000000003de9f     0x372e _build/nrf52840_xxaa/ble_conn_params.c.o
 .debug_info    0x00000000000415cd     0x39cb _build/nrf52840_xxaa/ble_conn_state.c.o
 .debug_info    0x0000000000044f98     0x1702 _build/nrf52840_xxaa/ble_srv_common.c.o
 .debug_info    0x000000000004669a     0x3400 _build/nrf52840_xxaa/nrf_ble_gatt.c.o
 .debug_info    0x0000000000049a9a     0x29b8 _build/nrf52840_xxaa/nrf_ble_qwr.c.o
 .debug_info    0x000000000004c452     0x2bb1 _build/nrf52840_xxaa/ble_lbs.c.o
 .debug_info    0x000000000004f003     0x20e3 _build/nrf52840_xxaa/nrf_sdh.c.o
 .debug_info    0x00000000000510e6     0x360b _build/nrf52840_xxaa/nrf_sdh_ble.c.o
 .debug_info    0x00000000000546f1      0xf86 _build/nrf52840_xxaa/nrf_sdh_soc.c.o

.debug_abbrev   0x0000000000000000     0xaeab
 .debug_abbrev  0x0000000000000000       0x14 _build/nrf52840_xxaa/gcc_startup_nrf52840.S.o
 .debug_abbrev  0x0000000000000014      0x2cc _build/nrf52840_xxaa/nrf_log_backend_serial.c.o
 .debug_abbrev  0x00000000000002e0      0x41d _build/nrf52840_xxaa/nrf_log_backend_uart.c.o
 .debug_abbrev  0x00000000000006fd      0x294 _build/nrf52840_xxaa/nrf_log_default_backends.c.o
 .debug_abbrev  0x0000000000000991      0x62f _build/nrf52840_xxaa/nrf_log_frontend.c.o
 .debug_abbrev  0x0000000000000fc0      0x320 _build/nrf52840_xxaa/nrf_log_str_formatter.c.o
 .debug_abbrev  0x00000000000012e0      0x46d _build/nrf52840_xxaa/app_button.c.o
 .debug_abbrev  0x000000000000174d      0x276 _build/nrf52840_xxaa/app_error.c.o
 .debug_abbrev  0x00000000000019c3      0x2fd _build/nrf52840_xxaa/app_error_weak.c.o
 .debug_abbrev  0x0000000000001cc0      0x58f _build/nrf52840_xxaa/app_timer2.c.o
 .debug_abbrev  0x000000000000224f      0x3df _build/nrf52840_xxaa/app_util_platform.c.o
 .debug_abbrev  0x000000000000262e      0x5d7 _build/nrf52840_xxaa/drv_rtc.c.o
 .debug_abbrev  0x0000000000002c05      0x3b9 _build/nrf52840_xxaa/nrf_atfifo.c.o
 .debug_abbrev  0x0000000000002fbe      0x37f _build/nrf52840_xxaa/nrf_atflags.c.o
 .debug_abbrev  0x000000000000333d      0x378 _build/nrf52840_xxaa/nrf_atomic.c.o
 .debug_abbrev  0x00000000000036b5      0x34d _build/nrf52840_xxaa/nrf_balloc.c.o
 .debug_abbrev  0x0000000000003a02      0x27d _build/nrf52840_xxaa/nrf_fprintf.c.o
 .debug_abbrev  0x0000000000003c7f      0x3fa _build/nrf52840_xxaa/nrf_fprintf_format.c.o
 .debug_abbrev  0x0000000000004079      0x397 _build/nrf52840_xxaa/nrf_memobj.c.o
 .debug_abbrev  0x0000000000004410      0x513 _build/nrf52840_xxaa/nrf_pwr_mgmt.c.o
 .debug_abbrev  0x0000000000004923      0x2b2 _build/nrf52840_xxaa/nrf_ringbuf.c.o
 .debug_abbrev  0x0000000000004bd5      0x206 _build/nrf52840_xxaa/nrf_section_iter.c.o
 .debug_abbrev  0x0000000000004ddb      0x284 _build/nrf52840_xxaa/nrf_sortlist.c.o
 .debug_abbrev  0x000000000000505f      0x29c _build/nrf52840_xxaa/nrf_strerror.c.o
 .debug_abbrev  0x00000000000052fb      0x26e _build/nrf52840_xxaa/system_nrf52840.c.o
 .debug_abbrev  0x0000000000005569      0x46e _build/nrf52840_xxaa/boards.c.o
 .debug_abbrev  0x00000000000059d7      0x5ef _build/nrf52840_xxaa/nrf_drv_clock.c.o
 .debug_abbrev  0x0000000000005fc6      0x2da _build/nrf52840_xxaa/nrf_drv_uart.c.o
 .debug_abbrev  0x00000000000062a0      0x560 _build/nrf52840_xxaa/nrfx_clock.c.o
 .debug_abbrev  0x0000000000006800      0x5b5 _build/nrf52840_xxaa/nrfx_gpiote.c.o
 .debug_abbrev  0x0000000000006db5      0x362 _build/nrf52840_xxaa/nrfx_prs.c.o
 .debug_abbrev  0x0000000000007117      0x59d _build/nrf52840_xxaa/nrfx_uart.c.o
 .debug_abbrev  0x00000000000076b4      0x571 _build/nrf52840_xxaa/nrfx_uarte.c.o
 .debug_abbrev  0x0000000000007c25      0x4fc _build/nrf52840_xxaa/main.c.o
 .debug_abbrev  0x0000000000008121      0x4b7 _build/nrf52840_xxaa/ble_advdata.c.o
 .debug_abbrev  0x00000000000085d8      0x587 _build/nrf52840_xxaa/ble_conn_params.c.o
 .debug_abbrev  0x0000000000008b5f      0x5c2 _build/nrf52840_xxaa/ble_conn_state.c.o
 .debug_abbrev  0x0000000000009121      0x3be _build/nrf52840_xxaa/ble_srv_common.c.o
 .debug_abbrev  0x00000000000094df      0x4da _build/nrf52840_xxaa/nrf_ble_gatt.c.o
 .debug_abbrev  0x00000000000099b9      0x3ee _build/nrf52840_xxaa/nrf_ble_qwr.c.o
 .debug_abbrev  0x0000000000009da7      0x3df _build/nrf52840_xxaa/ble_lbs.c.o
 .debug_abbrev  0x000000000000a186      0x583 _build/nrf52840_xxaa/nrf_sdh.c.o
 .debug_abbrev  0x000000000000a709      0x4b1 _build/nrf52840_xxaa/nrf_sdh_ble.c.o
 .debug_abbrev  0x000000000000abba      0x2f1 _build/nrf52840_xxaa/nrf_sdh_soc.c.o

.debug_aranges  0x0000000000000000      0xf50
 .debug_aranges
                0x0000000000000000       0x20 _build/nrf52840_xxaa/gcc_startup_nrf52840.S.o
 .debug_aranges
                0x0000000000000020       0x20 _build/nrf52840_xxaa/nrf_log_backend_serial.c.o
 .debug_aranges
                0x0000000000000040       0x48 _build/nrf52840_xxaa/nrf_log_backend_uart.c.o
 .debug_aranges
                0x0000000000000088       0x20 _build/nrf52840_xxaa/nrf_log_default_backends.c.o
 .debug_aranges
                0x00000000000000a8       0xb8 _build/nrf52840_xxaa/nrf_log_frontend.c.o
 .debug_aranges
                0x0000000000000160       0x38 _build/nrf52840_xxaa/nrf_log_str_formatter.c.o
 .debug_aranges
                0x0000000000000198       0x50 _build/nrf52840_xxaa/app_button.c.o
 .debug_aranges
                0x00000000000001e8       0x28 _build/nrf52840_xxaa/app_error.c.o
 .debug_aranges
                0x0000000000000210       0x20 _build/nrf52840_xxaa/app_error_weak.c.o
 .debug_aranges
                0x0000000000000230       0x70 _build/nrf52840_xxaa/app_timer2.c.o
 .debug_aranges
                0x00000000000002a0       0x48 _build/nrf52840_xxaa/app_util_platform.c.o
 .debug_aranges
                0x00000000000002e8       0xb0 _build/nrf52840_xxaa/drv_rtc.c.o
 .debug_aranges
                0x0000000000000398       0x58 _build/nrf52840_xxaa/nrf_atfifo.c.o
 .debug_aranges
                0x00000000000003f0       0x58 _build/nrf52840_xxaa/nrf_atflags.c.o
 .debug_aranges
                0x0000000000000448       0xb0 _build/nrf52840_xxaa/nrf_atomic.c.o
 .debug_aranges
                0x00000000000004f8       0x30 _build/nrf52840_xxaa/nrf_balloc.c.o
 .debug_aranges
                0x0000000000000528       0x28 _build/nrf52840_xxaa/nrf_fprintf.c.o
 .debug_aranges
                0x0000000000000550       0x28 _build/nrf52840_xxaa/nrf_fprintf_format.c.o
 .debug_aranges
                0x0000000000000578       0x50 _build/nrf52840_xxaa/nrf_memobj.c.o
 .debug_aranges
                0x00000000000005c8       0x48 _build/nrf52840_xxaa/nrf_pwr_mgmt.c.o
 .debug_aranges
                0x0000000000000610       0x50 _build/nrf52840_xxaa/nrf_ringbuf.c.o
 .debug_aranges
                0x0000000000000660       0x28 _build/nrf52840_xxaa/nrf_section_iter.c.o
 .debug_aranges
                0x0000000000000688       0x40 _build/nrf52840_xxaa/nrf_sortlist.c.o
 .debug_aranges
                0x00000000000006c8       0x28 _build/nrf52840_xxaa/nrf_strerror.c.o
 .debug_aranges
                0x00000000000006f0       0x28 _build/nrf52840_xxaa/system_nrf52840.c.o
 .debug_aranges
                0x0000000000000718       0x78 _build/nrf52840_xxaa/boards.c.o
 .debug_aranges
                0x0000000000000790       0xa8 _build/nrf52840_xxaa/nrf_drv_clock.c.o
 .debug_aranges
                0x0000000000000838       0x30 _build/nrf52840_xxaa/nrf_drv_uart.c.o
 .debug_aranges
                0x0000000000000868       0x78 _build/nrf52840_xxaa/nrfx_clock.c.o
 .debug_aranges
                0x00000000000008e0       0xf8 _build/nrf52840_xxaa/nrfx_gpiote.c.o
 .debug_aranges
                0x00000000000009d8       0x30 _build/nrf52840_xxaa/nrfx_prs.c.o
 .debug_aranges
                0x0000000000000a08       0x78 _build/nrf52840_xxaa/nrfx_uart.c.o
 .debug_aranges
                0x0000000000000a80       0x68 _build/nrf52840_xxaa/nrfx_uarte.c.o
 .debug_aranges
                0x0000000000000ae8       0x90 _build/nrf52840_xxaa/main.c.o
 .debug_aranges
                0x0000000000000b78       0x78 _build/nrf52840_xxaa/ble_advdata.c.o
 .debug_aranges